******************************************************************************
                  TI ARM Linker PC v18.1.8                     
******************************************************************************
>> Linked Wed Jun 30 22:18:44 2021

OUTPUT FILE NAME:   <Timer interrupt.out>
ENTRY POINT SYMBOL: "_c_int00_noinit_noargs"  address: 00000771


MEMORY CONFIGURATION

         name            origin    length      used     unused   attr    fill
----------------------  --------  ---------  --------  --------  ----  --------
  FLASH                 00000000   00020000  000008b8  0001f748  R  X
  SRAM                  20000000   00008000  00000200  00007e00  RW X


SEGMENT ALLOCATION MAP

run origin  load origin   length   init length attrs members
----------  ----------- ---------- ----------- ----- -------
00000000    00000000    000008b8   000008b8    r-x
  00000000    00000000    0000026c   0000026c    r-- .intvecs
  0000026c    0000026c    000005cc   000005cc    r-x .text
  00000838    00000838    00000080   00000080    r-- .const
20000000    20000000    00000200   00000000    rw-
  20000000    20000000    00000200   00000000    rw- .stack


SECTION ALLOCATION MAP

 output                                  attributes/
section   page    origin      length       input sections
--------  ----  ----------  ----------   ----------------
.intvecs   0    00000000    0000026c     
                  00000000    0000026c     tm4c123ge6pm_startup_ccs.obj (.intvecs)

.text      0    0000026c    000005cc     
                  0000026c    0000016c     driverlib.lib : gpio.obj (.text:GPIOPadConfigSet)
                  000003d8    00000118                   : sysctl.obj (.text:SysCtlClockGet)
                  000004f0    000000f4                   : sysctl.obj (.text:SysCtlClockSet)
                  000005e4    00000090     main.obj (.text)
                  00000674    00000068     driverlib.lib : interrupt.obj (.text:IntEnable)
                  000006dc    00000060                   : timer.obj (.text:TimerConfigure)
                  0000073c    00000034                   : sysctl.obj (.text:SysCtlPeripheralEnable)
                  00000770    00000030     rtsv7M4_T_le_v4SPD16_eabi.lib : boot_cortex_m.c.obj (.text:_c_int00_noinit_noargs:_c_int00_noinit_noargs)
                  000007a0    0000002c     driverlib.lib : gpio.obj (.text:GPIODirModeSet)
                  000007cc    0000001a                   : gpio.obj (.text:GPIOPinTypeGPIOOutput)
                  000007e6    00000012                   : timer.obj (.text:TimerLoadSet)
                  000007f8    0000000e                   : timer.obj (.text:TimerEnable)
                  00000806    0000000c     tm4c123ge6pm_startup_ccs.obj (.text)
                  00000812    00000008     driverlib.lib : timer.obj (.text:TimerIntEnable)
                  0000081a    00000006                   : gpio.obj (.text:GPIOPinRead)
                  00000820    00000006                   : gpio.obj (.text:GPIOPinWrite)
                  00000826    00000006                   : sysctl.obj (.text:SysCtlDelay)
                  0000082c    00000004                   : timer.obj (.text:TimerIntClear)
                  00000830    00000004     rtsv7M4_T_le_v4SPD16_eabi.lib : pre_init.c.obj (.text:_system_pre_init)
                  00000834    00000004                                   : exit.c.obj (.text:abort:abort)

.const     0    00000838    00000080     
                  00000838    0000006c     driverlib.lib : sysctl.obj (.const:g_pui32Xtals)
                  000008a4    00000014                   : interrupt.obj (.const:g_pui32EnRegs)

.cinit     0    00000000    00000000     UNINITIALIZED

.init_array 
*          0    00000000    00000000     UNINITIALIZED

.stack     0    20000000    00000200     UNINITIALIZED
                  20000000    00000004     rtsv7M4_T_le_v4SPD16_eabi.lib : boot_cortex_m.c.obj (.stack)
                  20000004    000001fc     --HOLE--

MODULE SUMMARY

       Module                         code   ro data   rw data
       ------                         ----   -------   -------
    .\
       tm4c123ge6pm_startup_ccs.obj   12     620       0      
       main.obj                       144    0         0      
    +--+------------------------------+------+---------+---------+
       Total:                         156    620       0      
                                                              
    ../driverlib.lib
       sysctl.obj                     582    108       0      
       gpio.obj                       446    0         0      
       timer.obj                      140    0         0      
       interrupt.obj                  104    20        0      
    +--+------------------------------+------+---------+---------+
       Total:                         1272   128       0      
                                                              
    C:\ti\ccsv8\tools\compiler\ti-cgt-arm_18.1.8.LTS\lib\rtsv7M4_T_le_v4SPD16_eabi.lib
       boot_cortex_m.c.obj            48     0         0      
       exit.c.obj                     4      0         0      
       pre_init.c.obj                 4      0         0      
    +--+------------------------------+------+---------+---------+
       Total:                         56     0         0      
                                                              
       Stack:                         0      0         512    
    +--+------------------------------+------+---------+---------+
       Grand Total:                   1484   748       512    


GLOBAL SYMBOLS: SORTED ALPHABETICALLY BY Name 

address   name                  
-------   ----                  
00000835  C$$EXIT               
000007a1  GPIODirModeSet        
0000026d  GPIOPadConfigSet      
0000081b  GPIOPinRead           
000007cd  GPIOPinTypeGPIOOutput 
00000821  GPIOPinWrite          
00000675  IntEnable             
00000807  ResetISR              
000003d9  SysCtlClockGet        
000004f1  SysCtlClockSet        
00000827  SysCtlDelay           
0000073d  SysCtlPeripheralEnable
00000633  Timer0IntHandler      
000006dd  TimerConfigure        
000007f9  TimerEnable           
0000082d  TimerIntClear         
00000813  TimerIntEnable        
000007e7  TimerLoadSet          
20000200  __STACK_END           
00000200  __STACK_SIZE          
20000200  __STACK_TOP           
ffffffff  __TI_pprof_out_hndl   
ffffffff  __TI_prof_data_size   
ffffffff  __TI_prof_data_start  
00000000  __TI_static_base__    
ffffffff  __binit__             
ffffffff  __c_args__            
UNDEFED   __mpu_init            
20000000  __stack               
00000771  _c_int00_noinit_noargs
00000831  _system_pre_init      
00000835  abort                 
ffffffff  binit                 
00000000  g_pfnVectors          
000005e5  main                  


GLOBAL SYMBOLS: SORTED BY Symbol Address 

address   name                  
-------   ----                  
00000000  __TI_static_base__    
00000000  g_pfnVectors          
00000200  __STACK_SIZE          
0000026d  GPIOPadConfigSet      
000003d9  SysCtlClockGet        
000004f1  SysCtlClockSet        
000005e5  main                  
00000633  Timer0IntHandler      
00000675  IntEnable             
000006dd  TimerConfigure        
0000073d  SysCtlPeripheralEnable
00000771  _c_int00_noinit_noargs
000007a1  GPIODirModeSet        
000007cd  GPIOPinTypeGPIOOutput 
000007e7  TimerLoadSet          
000007f9  TimerEnable           
00000807  ResetISR              
00000813  TimerIntEnable        
0000081b  GPIOPinRead           
00000821  GPIOPinWrite          
00000827  SysCtlDelay           
0000082d  TimerIntClear         
00000831  _system_pre_init      
00000835  C$$EXIT               
00000835  abort                 
20000000  __stack               
20000200  __STACK_END           
20000200  __STACK_TOP           
ffffffff  __TI_pprof_out_hndl   
ffffffff  __TI_prof_data_size   
ffffffff  __TI_prof_data_start  
ffffffff  __binit__             
ffffffff  __c_args__            
ffffffff  binit                 
UNDEFED   __mpu_init            

[35 symbols]
