******************************************************************************
                  TI ARM Linker PC v18.1.8                     
******************************************************************************
>> Linked Wed Jun 30 22:17:32 2021

OUTPUT FILE NAME:   <Switch Interrupt.out>
ENTRY POINT SYMBOL: "_c_int00_noinit_noargs"  address: 000005dd


MEMORY CONFIGURATION

         name            origin    length      used     unused   attr    fill
----------------------  --------  ---------  --------  --------  ----  --------
  FLASH                 00000000   00020000  000006ae  0001f952  R  X
  SRAM                  20000000   00008000  00000200  00007e00  RW X


SEGMENT ALLOCATION MAP

run origin  load origin   length   init length attrs members
----------  ----------- ---------- ----------- ----- -------
00000000    00000000    000006b0   000006b0    r-x
  00000000    00000000    0000026c   0000026c    r-- .intvecs
  0000026c    0000026c    0000042e   0000042e    r-x .text
  0000069c    0000069c    00000014   00000014    r-- .const
20000000    20000000    00000200   00000000    rw-
  20000000    20000000    00000200   00000000    rw- .stack


SECTION ALLOCATION MAP

 output                                  attributes/
section   page    origin      length       input sections
--------  ----  ----------  ----------   ----------------
.intvecs   0    00000000    0000026c     
                  00000000    0000026c     tm4c123ge6pm_startup_ccs.obj (.intvecs)

.text      0    0000026c    0000042e     
                  0000026c    0000016c     driverlib.lib : gpio.obj (.text:GPIOPadConfigSet)
                  000003d8    000000f4                   : sysctl.obj (.text:SysCtlClockSet)
                  000004cc    00000074     main.obj (.text)
                  00000540    00000068     driverlib.lib : interrupt.obj (.text:IntEnable)
                  000005a8    00000034                   : sysctl.obj (.text:SysCtlPeripheralEnable)
                  000005dc    00000030     rtsv7M4_T_le_v4SPD16_eabi.lib : boot_cortex_m.c.obj (.text:_c_int00_noinit_noargs:_c_int00_noinit_noargs)
                  0000060c    0000002c     driverlib.lib : gpio.obj (.text:GPIODirModeSet)
                  00000638    0000001a                   : gpio.obj (.text:GPIOPinTypeGPIOOutput)
                  00000652    00000016                   : gpio.obj (.text:GPIOPinTypeGPIOInput)
                  00000668    0000000c                   : gpio.obj (.text:GPIOIntEnable)
                  00000674    0000000c     tm4c123ge6pm_startup_ccs.obj (.text)
                  00000680    00000006     driverlib.lib : gpio.obj (.text:GPIOIntClear)
                  00000686    00000006                   : gpio.obj (.text:GPIOPinWrite)
                  0000068c    00000006                   : sysctl.obj (.text:SysCtlDelay)
                  00000692    00000004     rtsv7M4_T_le_v4SPD16_eabi.lib : pre_init.c.obj (.text:_system_pre_init)
                  00000696    00000004                                   : exit.c.obj (.text:abort:abort)

.const     0    0000069c    00000014     
                  0000069c    00000014     driverlib.lib : interrupt.obj (.const:g_pui32EnRegs)

.cinit     0    00000000    00000000     UNINITIALIZED

.init_array 
*          0    00000000    00000000     UNINITIALIZED

.stack     0    20000000    00000200     UNINITIALIZED
                  20000000    00000004     rtsv7M4_T_le_v4SPD16_eabi.lib : boot_cortex_m.c.obj (.stack)
                  20000004    000001fc     --HOLE--

MODULE SUMMARY

       Module                         code   ro data   rw data
       ------                         ----   -------   -------
    .\
       tm4c123ge6pm_startup_ccs.obj   12     620       0      
       main.obj                       116    0         0      
    +--+------------------------------+------+---------+---------+
       Total:                         128    620       0      
                                                              
    ../driverlib.lib
       gpio.obj                       480    0         0      
       sysctl.obj                     302    0         0      
       interrupt.obj                  104    20        0      
    +--+------------------------------+------+---------+---------+
       Total:                         886    20        0      
                                                              
    C:\ti\ccsv8\tools\compiler\ti-cgt-arm_18.1.8.LTS\lib\rtsv7M4_T_le_v4SPD16_eabi.lib
       boot_cortex_m.c.obj            48     0         0      
       exit.c.obj                     4      0         0      
       pre_init.c.obj                 4      0         0      
    +--+------------------------------+------+---------+---------+
       Total:                         56     0         0      
                                                              
       Stack:                         0      0         512    
    +--+------------------------------+------+---------+---------+
       Grand Total:                   1070   640       512    


GLOBAL SYMBOLS: SORTED ALPHABETICALLY BY Name 

address   name                  
-------   ----                  
00000697  C$$EXIT               
0000060d  GPIODirModeSet        
00000681  GPIOIntClear          
00000669  GPIOIntEnable         
0000026d  GPIOPadConfigSet      
00000653  GPIOPinTypeGPIOInput  
00000639  GPIOPinTypeGPIOOutput 
00000687  GPIOPinWrite          
00000541  IntEnable             
00000675  ResetISR              
00000509  SwitchHandler         
000003d9  SysCtlClockSet        
0000068d  SysCtlDelay           
000005a9  SysCtlPeripheralEnable
20000200  __STACK_END           
00000200  __STACK_SIZE          
20000200  __STACK_TOP           
ffffffff  __TI_pprof_out_hndl   
ffffffff  __TI_prof_data_size   
ffffffff  __TI_prof_data_start  
00000000  __TI_static_base__    
ffffffff  __binit__             
ffffffff  __c_args__            
UNDEFED   __mpu_init            
20000000  __stack               
000005dd  _c_int00_noinit_noargs
00000693  _system_pre_init      
00000697  abort                 
ffffffff  binit                 
00000000  g_pfnVectors          
000004cd  main                  


GLOBAL SYMBOLS: SORTED BY Symbol Address 

address   name                  
-------   ----                  
00000000  __TI_static_base__    
00000000  g_pfnVectors          
00000200  __STACK_SIZE          
0000026d  GPIOPadConfigSet      
000003d9  SysCtlClockSet        
000004cd  main                  
00000509  SwitchHandler         
00000541  IntEnable             
000005a9  SysCtlPeripheralEnable
000005dd  _c_int00_noinit_noargs
0000060d  GPIODirModeSet        
00000639  GPIOPinTypeGPIOOutput 
00000653  GPIOPinTypeGPIOInput  
00000669  GPIOIntEnable         
00000675  ResetISR              
00000681  GPIOIntClear          
00000687  GPIOPinWrite          
0000068d  SysCtlDelay           
00000693  _system_pre_init      
00000697  C$$EXIT               
00000697  abort                 
20000000  __stack               
20000200  __STACK_END           
20000200  __STACK_TOP           
ffffffff  __TI_pprof_out_hndl   
ffffffff  __TI_prof_data_size   
ffffffff  __TI_prof_data_start  
ffffffff  __binit__             
ffffffff  __c_args__            
ffffffff  binit                 
UNDEFED   __mpu_init            

[31 symbols]
