******************************************************************************
                  TI ARM Linker PC v18.1.8                     
******************************************************************************
>> Linked Wed Jun 30 22:13:48 2021

OUTPUT FILE NAME:   <I2C_Master.out>
ENTRY POINT SYMBOL: "_c_int00_noargs"  address: 00000f71


MEMORY CONFIGURATION

         name            origin    length      used     unused   attr    fill
----------------------  --------  ---------  --------  --------  ----  --------
  FLASH                 00000000   00020000  0000124e  0001edb2  R  X
  SRAM                  20000000   00008000  00000205  00007dfb  RW X


SEGMENT ALLOCATION MAP

run origin  load origin   length   init length attrs members
----------  ----------- ---------- ----------- ----- -------
00000000    00000000    00001250   00001250    r-x
  00000000    00000000    0000026c   0000026c    r-- .intvecs
  0000026c    0000026c    00000e9e   00000e9e    r-x .text
  0000110c    0000110c    0000012c   0000012c    r-- .const
  00001238    00001238    00000018   00000018    r-- .cinit
20000000    20000000    00000205   00000000    rw-
  20000000    20000000    00000200   00000000    rw- .stack
  20000200    20000200    00000005   00000000    rw- .data


SECTION ALLOCATION MAP

 output                                  attributes/
section   page    origin      length       input sections
--------  ----  ----------  ----------   ----------------
.intvecs   0    00000000    0000026c     
                  00000000    0000026c     tm4c123ge6pm_startup_ccs.obj (.intvecs)

.text      0    0000026c    00000e9e     
                  0000026c    0000069c     main.obj (.text)
                  00000908    0000016c     driverlib.lib : gpio.obj (.text:GPIOPadConfigSet)
                  00000a74    00000118                   : sysctl.obj (.text:SysCtlClockGet)
                  00000b8c    000000f4                   : sysctl.obj (.text:SysCtlClockSet)
                  00000c80    0000009c     rtsv7M4_T_le_v4SPD16_eabi.lib : memcpy_t2.asm.obj (.text)
                  00000d1c    00000068                                   : copy_decompress_lzss.c.obj (.text:decompress:lzss:__TI_decompress_lzss)
                  00000d84    00000050     driverlib.lib : sysctl.obj (.text:SysCtlPeripheralReset)
                  00000dd4    0000004c                   : gpio.obj (.text:GPIOPinConfigure)
                  00000e20    0000004c                   : i2c.obj (.text:I2CMasterInitExpClk)
                  00000e6c    00000046                   : uart.obj (.text:UARTConfigSetExpClk)
                  00000eb2    00000002     rtsv7M4_T_le_v4SPD16_eabi.lib : div0.asm.obj (.text)
                  00000eb4    00000044                                   : autoinit.c.obj (.text:__TI_auto_init_nobinit_nopinit:__TI_auto_init_nobinit_nopinit)
                  00000ef8    00000040                                   : u_divt2.asm.obj (.text)
                  00000f38    00000038     driverlib.lib : sysctl.obj (.text:SysCtlPeripheralPresent)
                  00000f70    00000038     rtsv7M4_T_le_v4SPD16_eabi.lib : boot_cortex_m.c.obj (.text:_c_int00_noargs:_c_int00_noargs)
                  00000fa8    00000034     driverlib.lib : sysctl.obj (.text:SysCtlPeripheralEnable)
                  00000fdc    0000002c                   : gpio.obj (.text:GPIODirModeSet)
                  00001008    00000020                   : uart.obj (.text:UARTDisable)
                  00001028    00000016                   : gpio.obj (.text:GPIOPinTypeI2C)
                  0000103e    00000016                   : gpio.obj (.text:GPIOPinTypeI2CSCL)
                  00001054    00000016                   : gpio.obj (.text:GPIOPinTypeUART)
                  0000106a    00000014                   : uart.obj (.text:UARTEnable)
                  0000107e    00000010                   : interrupt.obj (.text:IntMasterEnable)
                  0000108e    0000000e                   : uart.obj (.text:UARTCharsAvail)
                  0000109c    0000000e     rtsv7M4_T_le_v4SPD16_eabi.lib : copy_decompress_none.c.obj (.text:decompress:none:__TI_decompress_none)
                  000010aa    0000000c     driverlib.lib : cpu.obj (.text:CPUcpsie)
                  000010b6    0000000c     tm4c123ge6pm_startup_ccs.obj (.text)
                  000010c2    0000000a     driverlib.lib : i2c.obj (.text:I2CMasterEnable)
                  000010cc    0000000a                   : uart.obj (.text:UARTCharGet)
                  000010d6    0000000a                   : uart.obj (.text:UARTCharPut)
                  000010e0    00000008                   : i2c.obj (.text:I2CMasterSlaveAddrSet)
                  000010e8    00000006                   : i2c.obj (.text:I2CMasterIntEnable)
                  000010ee    00000006                   : sysctl.obj (.text:SysCtlDelay)
                  000010f4    00000006                   : uart.obj (.text:UARTClockSourceSet)
                  000010fa    00000004                   : i2c.obj (.text:I2CMasterControl)
                  000010fe    00000004                   : i2c.obj (.text:I2CMasterDataPut)
                  00001102    00000004     rtsv7M4_T_le_v4SPD16_eabi.lib : pre_init.c.obj (.text:_system_pre_init)
                  00001106    00000004                                   : exit.c.obj (.text:abort:abort)

.const     0    0000110c    0000012c     
                  0000110c    00000090     driverlib.lib : gpio.obj (.const:g_pui32GPIOBaseAddrs)
                  0000119c    0000006c                   : sysctl.obj (.const:g_pui32Xtals)
                  00001208    00000012     main.obj (.const:.string)
                  0000121a    00000002     --HOLE-- [fill = 0]
                  0000121c    0000000c     main.obj (.const:g_ui32UARTBase)
                  00001228    0000000c     main.obj (.const:g_ui32UARTPeriph)
                  00001234    00000004     main.obj (.const)

.cinit     0    00001238    00000018     
                  00001238    00000008     (__TI_handler_table)
                  00001240    00000007     (.cinit..data.load) [load image, compression = lzss]
                  00001247    00000001     --HOLE-- [fill = 0]
                  00001248    00000008     (__TI_cinit_table)

.init_array 
*          0    00000000    00000000     UNINITIALIZED

.data      0    20000200    00000005     UNINITIALIZED
                  20000200    00000005     main.obj (.data)

.stack     0    20000000    00000200     UNINITIALIZED
                  20000000    00000004     rtsv7M4_T_le_v4SPD16_eabi.lib : boot_cortex_m.c.obj (.stack)
                  20000004    000001fc     --HOLE--

MODULE SUMMARY

       Module                         code   ro data   rw data
       ------                         ----   -------   -------
    .\
       main.obj                       1692   46        5      
       tm4c123ge6pm_startup_ccs.obj   12     620       0      
    +--+------------------------------+------+---------+---------+
       Total:                         1704   666       5      
                                                              
    ../driverlib.lib
       sysctl.obj                     718    108       0      
       gpio.obj                       550    144       0      
       uart.obj                       162    0         0      
       i2c.obj                        108    0         0      
       interrupt.obj                  16     0         0      
       cpu.obj                        12     0         0      
    +--+------------------------------+------+---------+---------+
       Total:                         1566   252       0      
                                                              
    C:\ti\ccsv8\tools\compiler\ti-cgt-arm_18.1.8.LTS\lib\rtsv7M4_T_le_v4SPD16_eabi.lib
       memcpy_t2.asm.obj              156    0         0      
       copy_decompress_lzss.c.obj     104    0         0      
       autoinit.c.obj                 68     0         0      
       u_divt2.asm.obj                64     0         0      
       boot_cortex_m.c.obj            56     0         0      
       copy_decompress_none.c.obj     14     0         0      
       exit.c.obj                     4      0         0      
       pre_init.c.obj                 4      0         0      
       div0.asm.obj                   2      0         0      
    +--+------------------------------+------+---------+---------+
       Total:                         472    0         0      
                                                              
       Stack:                         0      0         512    
       Linker Generated:              0      23        0      
    +--+------------------------------+------+---------+---------+
       Grand Total:                   3742   941       517    


LINKER GENERATED COPY TABLES

__TI_cinit_table @ 00001248 records: 1, size/record: 8, table size: 8
	.data: load addr=00001240, load size=00000007 bytes, run addr=20000200, run size=00000005 bytes, compression=lzss


LINKER GENERATED HANDLER TABLE

__TI_handler_table @ 00001238 records: 2, size/record: 4, table size: 8
	index: 0, handler: __TI_decompress_lzss
	index: 1, handler: __TI_decompress_none


GLOBAL SYMBOLS: SORTED ALPHABETICALLY BY Name 

address   name                          
-------   ----                          
00001107  C$$EXIT                       
000010ab  CPUcpsie                      
00000fdd  GPIODirModeSet                
00000909  GPIOPadConfigSet              
00000dd5  GPIOPinConfigure              
00001029  GPIOPinTypeI2C                
0000103f  GPIOPinTypeI2CSCL             
00001055  GPIOPinTypeUART               
0000073f  I2C0_Init                     
0000077f  I2C0_Send                     
000010fb  I2CMasterControl              
000010ff  I2CMasterDataPut              
000010c3  I2CMasterEnable               
00000e21  I2CMasterInitExpClk           
000010e9  I2CMasterIntEnable            
000010e1  I2CMasterSlaveAddrSet         
00000703  InitConsole                   
0000107f  IntMasterEnable               
000010b7  ResetISR                      
00000a75  SysCtlClockGet                
00000b8d  SysCtlClockSet                
000010ef  SysCtlDelay                   
00000fa9  SysCtlPeripheralEnable        
00000f39  SysCtlPeripheralPresent       
00000d85  SysCtlPeripheralReset         
000010cd  UARTCharGet                   
000010d7  UARTCharPut                   
0000108f  UARTCharsAvail                
000010f5  UARTClockSourceSet            
00000e6d  UARTConfigSetExpClk           
00001009  UARTDisable                   
0000106b  UARTEnable                    
0000026d  UARTStdioConfig               
000003bd  UARTgetc                      
00000303  UARTgets                      
000006df  UARTprintf                    
000003e5  UARTvprintf                   
000002b3  UARTwrite                     
20000200  __STACK_END                   
00000200  __STACK_SIZE                  
20000200  __STACK_TOP                   
00001248  __TI_CINIT_Base               
00001250  __TI_CINIT_Limit              
00001238  __TI_Handler_Table_Base       
00001240  __TI_Handler_Table_Limit      
00000eb5  __TI_auto_init_nobinit_nopinit
00000d1d  __TI_decompress_lzss          
0000109d  __TI_decompress_none          
ffffffff  __TI_pprof_out_hndl           
ffffffff  __TI_prof_data_size           
ffffffff  __TI_prof_data_start          
00000000  __TI_static_base__            
00000eb3  __aeabi_idiv0                 
00000eb3  __aeabi_ldiv0                 
00000c81  __aeabi_memcpy                
00000c81  __aeabi_memcpy4               
00000c81  __aeabi_memcpy8               
00000ef9  __aeabi_uidiv                 
00000ef9  __aeabi_uidivmod              
ffffffff  __binit__                     
ffffffff  __c_args__                    
UNDEFED   __mpu_init                    
20000000  __stack                       
00000f71  _c_int00_noargs               
UNDEFED   _system_post_cinit            
00001103  _system_pre_init              
00001107  abort                         
ffffffff  binit                         
00000000  g_pfnVectors                  
000007b3  main                          
00000c81  memcpy                        


GLOBAL SYMBOLS: SORTED BY Symbol Address 

address   name                          
-------   ----                          
00000000  __TI_static_base__            
00000000  g_pfnVectors                  
00000200  __STACK_SIZE                  
0000026d  UARTStdioConfig               
000002b3  UARTwrite                     
00000303  UARTgets                      
000003bd  UARTgetc                      
000003e5  UARTvprintf                   
000006df  UARTprintf                    
00000703  InitConsole                   
0000073f  I2C0_Init                     
0000077f  I2C0_Send                     
000007b3  main                          
00000909  GPIOPadConfigSet              
00000a75  SysCtlClockGet                
00000b8d  SysCtlClockSet                
00000c81  __aeabi_memcpy                
00000c81  __aeabi_memcpy4               
00000c81  __aeabi_memcpy8               
00000c81  memcpy                        
00000d1d  __TI_decompress_lzss          
00000d85  SysCtlPeripheralReset         
00000dd5  GPIOPinConfigure              
00000e21  I2CMasterInitExpClk           
00000e6d  UARTConfigSetExpClk           
00000eb3  __aeabi_idiv0                 
00000eb3  __aeabi_ldiv0                 
00000eb5  __TI_auto_init_nobinit_nopinit
00000ef9  __aeabi_uidiv                 
00000ef9  __aeabi_uidivmod              
00000f39  SysCtlPeripheralPresent       
00000f71  _c_int00_noargs               
00000fa9  SysCtlPeripheralEnable        
00000fdd  GPIODirModeSet                
00001009  UARTDisable                   
00001029  GPIOPinTypeI2C                
0000103f  GPIOPinTypeI2CSCL             
00001055  GPIOPinTypeUART               
0000106b  UARTEnable                    
0000107f  IntMasterEnable               
0000108f  UARTCharsAvail                
0000109d  __TI_decompress_none          
000010ab  CPUcpsie                      
000010b7  ResetISR                      
000010c3  I2CMasterEnable               
000010cd  UARTCharGet                   
000010d7  UARTCharPut                   
000010e1  I2CMasterSlaveAddrSet         
000010e9  I2CMasterIntEnable            
000010ef  SysCtlDelay                   
000010f5  UARTClockSourceSet            
000010fb  I2CMasterControl              
000010ff  I2CMasterDataPut              
00001103  _system_pre_init              
00001107  C$$EXIT                       
00001107  abort                         
00001238  __TI_Handler_Table_Base       
00001240  __TI_Handler_Table_Limit      
00001248  __TI_CINIT_Base               
00001250  __TI_CINIT_Limit              
20000000  __stack                       
20000200  __STACK_END                   
20000200  __STACK_TOP                   
ffffffff  __TI_pprof_out_hndl           
ffffffff  __TI_prof_data_size           
ffffffff  __TI_prof_data_start          
ffffffff  __binit__                     
ffffffff  __c_args__                    
ffffffff  binit                         
UNDEFED   __mpu_init                    
UNDEFED   _system_post_cinit            

[71 symbols]
