******************************************************************************
                  TI ARM Linker PC v18.1.8                     
******************************************************************************
>> Linked Wed Jun 30 22:09:08 2021

OUTPUT FILE NAME:   <ADC + PWM.out>
ENTRY POINT SYMBOL: "_c_int00_noargs"  address: 0000070d


MEMORY CONFIGURATION

         name            origin    length      used     unused   attr    fill
----------------------  --------  ---------  --------  --------  ----  --------
  FLASH                 00000000   00020000  00000972  0001f68e  R  X
  SRAM                  20000000   00008000  00000204  00007dfc  RW X


SEGMENT ALLOCATION MAP

run origin  load origin   length   init length attrs members
----------  ----------- ---------- ----------- ----- -------
00000000    00000000    00000974   00000974    r-x
  00000000    00000000    0000026c   0000026c    r-- .intvecs
  0000026c    0000026c    00000662   00000662    r-x .text
  000008d0    000008d0    00000090   00000090    r-- .const
  00000960    00000960    00000014   00000014    r-- .cinit
20000000    20000000    00000204   00000000    rw-
  20000000    20000000    00000200   00000000    rw- .stack
  20000200    20000200    00000004   00000000    rw- .bss


SECTION ALLOCATION MAP

 output                                  attributes/
section   page    origin      length       input sections
--------  ----  ----------  ----------   ----------------
.intvecs   0    00000000    0000026c     
                  00000000    0000026c     tm4c123ge6pm_startup_ccs.obj (.intvecs)

.text      0    0000026c    00000662     
                  0000026c    0000016c     driverlib.lib : gpio.obj (.text:GPIOPadConfigSet)
                  000003d8    000000f4                   : sysctl.obj (.text:SysCtlClockSet)
                  000004cc    000000e8     main.obj (.text)
                  000005b4    0000007a     driverlib.lib : adc.obj (.text:ADCSequenceStepConfigure)
                  0000062e    0000004e                   : adc.obj (.text:ADCSequenceConfigure)
                  0000067c    0000004c                   : gpio.obj (.text:GPIOPinConfigure)
                  000006c8    00000044     rtsv7M4_T_le_v4SPD16_eabi.lib : autoinit.c.obj (.text:__TI_auto_init_nobinit_nopinit:__TI_auto_init_nobinit_nopinit)
                  0000070c    00000038                                   : boot_cortex_m.c.obj (.text:_c_int00_noargs:_c_int00_noargs)
                  00000744    00000034     driverlib.lib : sysctl.obj (.text:SysCtlPeripheralEnable)
                  00000778    0000002c                   : gpio.obj (.text:GPIODirModeSet)
                  000007a4    00000022                   : pwm.obj (.text:PWMGenConfigure)
                  000007c6    0000001e                   : adc.obj (.text:ADCSequenceDataGet)
                  000007e4    0000001e                   : pwm.obj (.text:PWMPulseWidthSet)
                  00000802    0000001c     rtsv7M4_T_le_v4SPD16_eabi.lib : copy_zero_init.c.obj (.text:decompress:ZI:__TI_zero_init_nomemset:__TI_zero_init_nomemset)
                  0000081e    00000018     driverlib.lib : adc.obj (.text:ADCProcessorTrigger)
                  00000836    00000016                   : gpio.obj (.text:GPIOPinTypeADC)
                  0000084c    00000016                   : gpio.obj (.text:GPIOPinTypePWM)
                  00000862    00000002     --HOLE-- [fill = 0]
                  00000864    00000014                   : sysctl.obj (.text:SysCtlPWMClockSet)
                  00000878    00000012                   : pwm.obj (.text:PWMOutputState)
                  0000088a    00000010                   : pwm.obj (.text:PWMGenPeriodSet)
                  0000089a    0000000e                   : adc.obj (.text:ADCSequenceEnable)
                  000008a8    0000000c                   : pwm.obj (.text:PWMGenEnable)
                  000008b4    0000000c     tm4c123ge6pm_startup_ccs.obj (.text)
                  000008c0    00000006     driverlib.lib : sysctl.obj (.text:SysCtlDelay)
                  000008c6    00000004     rtsv7M4_T_le_v4SPD16_eabi.lib : pre_init.c.obj (.text:_system_pre_init)
                  000008ca    00000004                                   : exit.c.obj (.text:abort:abort)

.const     0    000008d0    00000090     
                  000008d0    00000090     driverlib.lib : gpio.obj (.const:g_pui32GPIOBaseAddrs)

.cinit     0    00000960    00000014     
                  00000960    00000008     (.cinit..bss.load) [load image, compression = zero_init]
                  00000968    00000004     (__TI_handler_table)
                  0000096c    00000008     (__TI_cinit_table)

.init_array 
*          0    00000000    00000000     UNINITIALIZED

.bss       0    20000200    00000004     UNINITIALIZED
                  20000200    00000004     (.common:ui32ADC0Value)

.stack     0    20000000    00000200     UNINITIALIZED
                  20000000    00000004     rtsv7M4_T_le_v4SPD16_eabi.lib : boot_cortex_m.c.obj (.stack)
                  20000004    000001fc     --HOLE--

MODULE SUMMARY

       Module                         code   ro data   rw data
       ------                         ----   -------   -------
    .\
       tm4c123ge6pm_startup_ccs.obj   12     620       0      
       main.obj                       232    0         4      
    +--+------------------------------+------+---------+---------+
       Total:                         244    620       4      
                                                              
    ../driverlib.lib
       gpio.obj                       528    144       0      
       sysctl.obj                     322    0         0      
       adc.obj                        268    0         0      
       pwm.obj                        110    0         0      
    +--+------------------------------+------+---------+---------+
       Total:                         1228   144       0      
                                                              
    C:\ti\ccsv8\tools\compiler\ti-cgt-arm_18.1.8.LTS\lib\rtsv7M4_T_le_v4SPD16_eabi.lib
       autoinit.c.obj                 68     0         0      
       boot_cortex_m.c.obj            56     0         0      
       copy_zero_init.c.obj           28     0         0      
       exit.c.obj                     4      0         0      
       pre_init.c.obj                 4      0         0      
    +--+------------------------------+------+---------+---------+
       Total:                         160    0         0      
                                                              
       Stack:                         0      0         512    
       Linker Generated:              0      20        0      
    +--+------------------------------+------+---------+---------+
       Grand Total:                   1632   784       516    


LINKER GENERATED COPY TABLES

__TI_cinit_table @ 0000096c records: 1, size/record: 8, table size: 8
	.bss: load addr=00000960, load size=00000008 bytes, run addr=20000200, run size=00000004 bytes, compression=zero_init


LINKER GENERATED HANDLER TABLE

__TI_handler_table @ 00000968 records: 1, size/record: 4, table size: 4
	index: 0, handler: __TI_zero_init


GLOBAL SYMBOLS: SORTED ALPHABETICALLY BY Name 

address   name                          
-------   ----                          
0000081f  ADCProcessorTrigger           
0000062f  ADCSequenceConfigure          
000007c7  ADCSequenceDataGet            
0000089b  ADCSequenceEnable             
000005b5  ADCSequenceStepConfigure      
000008cb  C$$EXIT                       
00000779  GPIODirModeSet                
0000026d  GPIOPadConfigSet              
0000067d  GPIOPinConfigure              
00000837  GPIOPinTypeADC                
0000084d  GPIOPinTypePWM                
000007a5  PWMGenConfigure               
000008a9  PWMGenEnable                  
0000088b  PWMGenPeriodSet               
00000879  PWMOutputState                
000007e5  PWMPulseWidthSet              
000008b5  ResetISR                      
000003d9  SysCtlClockSet                
000008c1  SysCtlDelay                   
00000865  SysCtlPWMClockSet             
00000745  SysCtlPeripheralEnable        
20000200  __STACK_END                   
00000200  __STACK_SIZE                  
20000200  __STACK_TOP                   
0000096c  __TI_CINIT_Base               
00000974  __TI_CINIT_Limit              
00000968  __TI_Handler_Table_Base       
0000096c  __TI_Handler_Table_Limit      
000006c9  __TI_auto_init_nobinit_nopinit
ffffffff  __TI_pprof_out_hndl           
ffffffff  __TI_prof_data_size           
ffffffff  __TI_prof_data_start          
00000000  __TI_static_base__            
00000803  __TI_zero_init_nomemset       
ffffffff  __binit__                     
ffffffff  __c_args__                    
UNDEFED   __mpu_init                    
20000000  __stack                       
0000070d  _c_int00_noargs               
UNDEFED   _system_post_cinit            
000008c7  _system_pre_init              
000008cb  abort                         
ffffffff  binit                         
00000000  g_pfnVectors                  
000004cd  main                          
20000200  ui32ADC0Value                 


GLOBAL SYMBOLS: SORTED BY Symbol Address 

address   name                          
-------   ----                          
00000000  __TI_static_base__            
00000000  g_pfnVectors                  
00000200  __STACK_SIZE                  
0000026d  GPIOPadConfigSet              
000003d9  SysCtlClockSet                
000004cd  main                          
000005b5  ADCSequenceStepConfigure      
0000062f  ADCSequenceConfigure          
0000067d  GPIOPinConfigure              
000006c9  __TI_auto_init_nobinit_nopinit
0000070d  _c_int00_noargs               
00000745  SysCtlPeripheralEnable        
00000779  GPIODirModeSet                
000007a5  PWMGenConfigure               
000007c7  ADCSequenceDataGet            
000007e5  PWMPulseWidthSet              
00000803  __TI_zero_init_nomemset       
0000081f  ADCProcessorTrigger           
00000837  GPIOPinTypeADC                
0000084d  GPIOPinTypePWM                
00000865  SysCtlPWMClockSet             
00000879  PWMOutputState                
0000088b  PWMGenPeriodSet               
0000089b  ADCSequenceEnable             
000008a9  PWMGenEnable                  
000008b5  ResetISR                      
000008c1  SysCtlDelay                   
000008c7  _system_pre_init              
000008cb  C$$EXIT                       
000008cb  abort                         
00000968  __TI_Handler_Table_Base       
0000096c  __TI_CINIT_Base               
0000096c  __TI_Handler_Table_Limit      
00000974  __TI_CINIT_Limit              
20000000  __stack                       
20000200  __STACK_END                   
20000200  __STACK_TOP                   
20000200  ui32ADC0Value                 
ffffffff  __TI_pprof_out_hndl           
ffffffff  __TI_prof_data_size           
ffffffff  __TI_prof_data_start          
ffffffff  __binit__                     
ffffffff  __c_args__                    
ffffffff  binit                         
UNDEFED   __mpu_init                    
UNDEFED   _system_post_cinit            

[46 symbols]
