******************************************************************************
                  TI ARM Linker PC v18.1.8                     
******************************************************************************
>> Linked Wed Jun 30 22:11:55 2021

OUTPUT FILE NAME:   <ADC program.out>
ENTRY POINT SYMBOL: "_c_int00_noargs"  address: 00000645


MEMORY CONFIGURATION

         name            origin    length      used     unused   attr    fill
----------------------  --------  ---------  --------  --------  ----  --------
  FLASH                 00000000   00020000  00000780  0001f880  R  X
  SRAM                  20000000   00008000  00000204  00007dfc  RW X


SEGMENT ALLOCATION MAP

run origin  load origin   length   init length attrs members
----------  ----------- ---------- ----------- ----- -------
00000000    00000000    00000784   00000784    r-x
  00000000    00000000    0000026c   0000026c    r-- .intvecs
  0000026c    0000026c    00000500   00000500    r-x .text
  00000770    00000770    00000014   00000014    r-- .cinit
20000000    20000000    00000204   00000000    rw-
  20000000    20000000    00000200   00000000    rw- .stack
  20000200    20000200    00000004   00000000    rw- .bss


SECTION ALLOCATION MAP

 output                                  attributes/
section   page    origin      length       input sections
--------  ----  ----------  ----------   ----------------
.intvecs   0    00000000    0000026c     
                  00000000    0000026c     tm4c123ge6pm_startup_ccs.obj (.intvecs)

.text      0    0000026c    00000500     
                  0000026c    0000016c     driverlib.lib : gpio.obj (.text:GPIOPadConfigSet)
                  000003d8    000000f4                   : sysctl.obj (.text:SysCtlClockSet)
                  000004cc    0000007a                   : adc.obj (.text:ADCSequenceStepConfigure)
                  00000546    00000002     --HOLE-- [fill = 0]
                  00000548    00000068     main.obj (.text)
                  000005b0    0000004e     driverlib.lib : adc.obj (.text:ADCSequenceConfigure)
                  000005fe    00000002     --HOLE-- [fill = 0]
                  00000600    00000044     rtsv7M4_T_le_v4SPD16_eabi.lib : autoinit.c.obj (.text:__TI_auto_init_nobinit_nopinit:__TI_auto_init_nobinit_nopinit)
                  00000644    00000038                                   : boot_cortex_m.c.obj (.text:_c_int00_noargs:_c_int00_noargs)
                  0000067c    00000034     driverlib.lib : sysctl.obj (.text:SysCtlPeripheralEnable)
                  000006b0    0000002c                   : gpio.obj (.text:GPIODirModeSet)
                  000006dc    0000001e                   : adc.obj (.text:ADCSequenceDataGet)
                  000006fa    0000001c     rtsv7M4_T_le_v4SPD16_eabi.lib : copy_zero_init.c.obj (.text:decompress:ZI:__TI_zero_init_nomemset:__TI_zero_init_nomemset)
                  00000716    00000018     driverlib.lib : adc.obj (.text:ADCProcessorTrigger)
                  0000072e    00000016                   : gpio.obj (.text:GPIOPinTypeADC)
                  00000744    0000000e                   : adc.obj (.text:ADCSequenceEnable)
                  00000752    0000000c     tm4c123ge6pm_startup_ccs.obj (.text)
                  0000075e    00000006     driverlib.lib : sysctl.obj (.text:SysCtlDelay)
                  00000764    00000004     rtsv7M4_T_le_v4SPD16_eabi.lib : pre_init.c.obj (.text:_system_pre_init)
                  00000768    00000004                                   : exit.c.obj (.text:abort:abort)

.cinit     0    00000770    00000014     
                  00000770    00000008     (.cinit..bss.load) [load image, compression = zero_init]
                  00000778    00000004     (__TI_handler_table)
                  0000077c    00000008     (__TI_cinit_table)

.init_array 
*          0    00000000    00000000     UNINITIALIZED

.bss       0    20000200    00000004     UNINITIALIZED
                  20000200    00000004     (.common:ui32ADC0Value)

.stack     0    20000000    00000200     UNINITIALIZED
                  20000000    00000004     rtsv7M4_T_le_v4SPD16_eabi.lib : boot_cortex_m.c.obj (.stack)
                  20000004    000001fc     --HOLE--

MODULE SUMMARY

       Module                         code   ro data   rw data
       ------                         ----   -------   -------
    .\
       tm4c123ge6pm_startup_ccs.obj   12     620       0      
       main.obj                       104    0         4      
    +--+------------------------------+------+---------+---------+
       Total:                         116    620       4      
                                                              
    ../driverlib.lib
       gpio.obj                       430    0         0      
       sysctl.obj                     302    0         0      
       adc.obj                        268    0         0      
    +--+------------------------------+------+---------+---------+
       Total:                         1000   0         0      
                                                              
    C:\ti\ccsv8\tools\compiler\ti-cgt-arm_18.1.8.LTS\lib\rtsv7M4_T_le_v4SPD16_eabi.lib
       autoinit.c.obj                 68     0         0      
       boot_cortex_m.c.obj            56     0         0      
       copy_zero_init.c.obj           28     0         0      
       exit.c.obj                     4      0         0      
       pre_init.c.obj                 4      0         0      
    +--+------------------------------+------+---------+---------+
       Total:                         160    0         0      
                                                              
       Stack:                         0      0         512    
       Linker Generated:              0      20        0      
    +--+------------------------------+------+---------+---------+
       Grand Total:                   1276   640       516    


LINKER GENERATED COPY TABLES

__TI_cinit_table @ 0000077c records: 1, size/record: 8, table size: 8
	.bss: load addr=00000770, load size=00000008 bytes, run addr=20000200, run size=00000004 bytes, compression=zero_init


LINKER GENERATED HANDLER TABLE

__TI_handler_table @ 00000778 records: 1, size/record: 4, table size: 4
	index: 0, handler: __TI_zero_init


GLOBAL SYMBOLS: SORTED ALPHABETICALLY BY Name 

address   name                          
-------   ----                          
00000717  ADCProcessorTrigger           
000005b1  ADCSequenceConfigure          
000006dd  ADCSequenceDataGet            
00000745  ADCSequenceEnable             
000004cd  ADCSequenceStepConfigure      
00000769  C$$EXIT                       
000006b1  GPIODirModeSet                
0000026d  GPIOPadConfigSet              
0000072f  GPIOPinTypeADC                
00000753  ResetISR                      
000003d9  SysCtlClockSet                
0000075f  SysCtlDelay                   
0000067d  SysCtlPeripheralEnable        
20000200  __STACK_END                   
00000200  __STACK_SIZE                  
20000200  __STACK_TOP                   
0000077c  __TI_CINIT_Base               
00000784  __TI_CINIT_Limit              
00000778  __TI_Handler_Table_Base       
0000077c  __TI_Handler_Table_Limit      
00000601  __TI_auto_init_nobinit_nopinit
ffffffff  __TI_pprof_out_hndl           
ffffffff  __TI_prof_data_size           
ffffffff  __TI_prof_data_start          
00000000  __TI_static_base__            
000006fb  __TI_zero_init_nomemset       
ffffffff  __binit__                     
ffffffff  __c_args__                    
UNDEFED   __mpu_init                    
20000000  __stack                       
00000645  _c_int00_noargs               
UNDEFED   _system_post_cinit            
00000765  _system_pre_init              
00000769  abort                         
ffffffff  binit                         
00000000  g_pfnVectors                  
00000549  main                          
20000200  ui32ADC0Value                 


GLOBAL SYMBOLS: SORTED BY Symbol Address 

address   name                          
-------   ----                          
00000000  __TI_static_base__            
00000000  g_pfnVectors                  
00000200  __STACK_SIZE                  
0000026d  GPIOPadConfigSet              
000003d9  SysCtlClockSet                
000004cd  ADCSequenceStepConfigure      
00000549  main                          
000005b1  ADCSequenceConfigure          
00000601  __TI_auto_init_nobinit_nopinit
00000645  _c_int00_noargs               
0000067d  SysCtlPeripheralEnable        
000006b1  GPIODirModeSet                
000006dd  ADCSequenceDataGet            
000006fb  __TI_zero_init_nomemset       
00000717  ADCProcessorTrigger           
0000072f  GPIOPinTypeADC                
00000745  ADCSequenceEnable             
00000753  ResetISR                      
0000075f  SysCtlDelay                   
00000765  _system_pre_init              
00000769  C$$EXIT                       
00000769  abort                         
00000778  __TI_Handler_Table_Base       
0000077c  __TI_CINIT_Base               
0000077c  __TI_Handler_Table_Limit      
00000784  __TI_CINIT_Limit              
20000000  __stack                       
20000200  __STACK_END                   
20000200  __STACK_TOP                   
20000200  ui32ADC0Value                 
ffffffff  __TI_pprof_out_hndl           
ffffffff  __TI_prof_data_size           
ffffffff  __TI_prof_data_start          
ffffffff  __binit__                     
ffffffff  __c_args__                    
ffffffff  binit                         
UNDEFED   __mpu_init                    
UNDEFED   _system_post_cinit            

[38 symbols]
