******************************************************************************
                  TI ARM Linker PC v18.1.8                     
******************************************************************************
>> Linked Wed Jun 30 22:16:04 2021

OUTPUT FILE NAME:   <SPI_Master.out>
ENTRY POINT SYMBOL: "_c_int00_noargs"  address: 0000105d


MEMORY CONFIGURATION

         name            origin    length      used     unused   attr    fill
----------------------  --------  ---------  --------  --------  ----  --------
  FLASH                 00000000   00020000  0000142a  0001ebd6  R  X
  SRAM                  20000000   00008000  0000048d  00007b73  RW X


SEGMENT ALLOCATION MAP

run origin  load origin   length   init length attrs members
----------  ----------- ---------- ----------- ----- -------
00000000    00000000    00001430   00001430    r-x
  00000000    00000000    0000026c   0000026c    r-- .intvecs
  0000026c    0000026c    00000ffe   00000ffe    r-x .text
  0000126c    0000126c    00000180   00000180    r-- .const
  000013f0    000013f0    00000040   00000040    r-- .cinit
20000000    20000000    00000491   00000000    rw-
  20000000    20000000    0000026c   00000000    rw- .vtable
  20000270    20000270    00000200   00000000    rw- .stack
  20000470    20000470    0000001c   00000000    rw- .bss
  2000048c    2000048c    00000005   00000000    rw- .data


SECTION ALLOCATION MAP

 output                                  attributes/
section   page    origin      length       input sections
--------  ----  ----------  ----------   ----------------
.intvecs   0    00000000    0000026c     
                  00000000    0000026c     tm4c123ge6pm_startup_ccs.obj (.intvecs)

.text      0    0000026c    00000ffe     
                  0000026c    00000740     main.obj (.text)
                  000009ac    0000016c     driverlib.lib : gpio.obj (.text:GPIOPadConfigSet)
                  00000b18    00000118                   : sysctl.obj (.text:SysCtlClockGet)
                  00000c30    000000f4                   : sysctl.obj (.text:SysCtlClockSet)
                  00000d24    0000009c     rtsv7M4_T_le_v4SPD16_eabi.lib : memcpy_t2.asm.obj (.text)
                  00000dc0    00000068     driverlib.lib : interrupt.obj (.text:IntEnable)
                  00000e28    00000068     rtsv7M4_T_le_v4SPD16_eabi.lib : copy_decompress_lzss.c.obj (.text:decompress:lzss:__TI_decompress_lzss)
                  00000e90    0000004c     driverlib.lib : gpio.obj (.text:GPIOPinConfigure)
                  00000edc    00000046                   : uart.obj (.text:UARTConfigSetExpClk)
                  00000f22    00000002     rtsv7M4_T_le_v4SPD16_eabi.lib : div0.asm.obj (.text)
                  00000f24    00000044                                   : autoinit.c.obj (.text:__TI_auto_init_nobinit_nopinit:__TI_auto_init_nobinit_nopinit)
                  00000f68    00000040     driverlib.lib : ssi.obj (.text:_SSIIntNumberGet)
                  00000fa8    00000040     rtsv7M4_T_le_v4SPD16_eabi.lib : u_divt2.asm.obj (.text)
                  00000fe8    0000003c     driverlib.lib : ssi.obj (.text:SSIConfigSetExpClk)
                  00001024    00000038                   : sysctl.obj (.text:SysCtlPeripheralPresent)
                  0000105c    00000038     rtsv7M4_T_le_v4SPD16_eabi.lib : boot_cortex_m.c.obj (.text:_c_int00_noargs:_c_int00_noargs)
                  00001094    00000034     driverlib.lib : interrupt.obj (.text:IntRegister)
                  000010c8    00000034                   : sysctl.obj (.text:SysCtlPeripheralEnable)
                  000010fc    0000002c                   : gpio.obj (.text:GPIODirModeSet)
                  00001128    00000020                   : uart.obj (.text:UARTDisable)
                  00001148    0000001c     rtsv7M4_T_le_v4SPD16_eabi.lib : copy_zero_init.c.obj (.text:decompress:ZI:__TI_zero_init_nomemset:__TI_zero_init_nomemset)
                  00001164    00000018     driverlib.lib : ssi.obj (.text:SSIIntRegister)
                  0000117c    00000016                   : gpio.obj (.text:GPIOPinTypeGPIOInput)
                  00001192    00000016                   : gpio.obj (.text:GPIOPinTypeSSI)
                  000011a8    00000016                   : gpio.obj (.text:GPIOPinTypeUART)
                  000011be    00000014                   : uart.obj (.text:UARTEnable)
                  000011d2    00000012                   : ssi.obj (.text:SSIDataGetNonBlocking)
                  000011e4    0000000e     rtsv7M4_T_le_v4SPD16_eabi.lib : copy_decompress_none.c.obj (.text:decompress:none:__TI_decompress_none)
                  000011f2    0000000c     driverlib.lib : ssi.obj (.text:SSIDataGet)
                  000011fe    0000000c     tm4c123ge6pm_startup_ccs.obj (.text)
                  0000120a    0000000a     driverlib.lib : ssi.obj (.text:SSIDataPut)
                  00001214    0000000a                   : ssi.obj (.text:SSIEnable)
                  0000121e    0000000a                   : ssi.obj (.text:SSIIntStatus)
                  00001228    0000000a                   : uart.obj (.text:UARTCharGet)
                  00001232    0000000a                   : uart.obj (.text:UARTCharPut)
                  0000123c    00000008                   : ssi.obj (.text:SSIBusy)
                  00001244    00000008                   : ssi.obj (.text:SSIIntEnable)
                  0000124c    00000006                   : gpio.obj (.text:GPIOPinRead)
                  00001252    00000006                   : gpio.obj (.text:GPIOPinWrite)
                  00001258    00000006                   : sysctl.obj (.text:SysCtlDelay)
                  0000125e    00000004                   : ssi.obj (.text:SSIIntClear)
                  00001262    00000004     rtsv7M4_T_le_v4SPD16_eabi.lib : pre_init.c.obj (.text:_system_pre_init)
                  00001266    00000004                                   : exit.c.obj (.text:abort:abort)

.const     0    0000126c    00000180     
                  0000126c    00000090     driverlib.lib : gpio.obj (.const:g_pui32GPIOBaseAddrs)
                  000012fc    0000006c                   : sysctl.obj (.const:g_pui32Xtals)
                  00001368    00000020                   : ssi.obj (.const:g_ppui32SSIIntMap)
                  00001388    00000020                   : ssi.obj (.const:g_ppui32SSIIntMapSnowflake)
                  000013a8    00000014                   : interrupt.obj (.const:g_pui32EnRegs)
                  000013bc    00000012     main.obj (.const:.string)
                  000013ce    00000002     --HOLE-- [fill = 0]
                  000013d0    0000000c     main.obj (.const:g_ui32UARTBase)
                  000013dc    0000000c     main.obj (.const:g_ui32UARTPeriph)
                  000013e8    00000004     main.obj (.const)

.cinit     0    000013f0    00000040     
                  000013f0    0000000c     (__TI_handler_table)
                  000013fc    00000004     --HOLE-- [fill = 0]
                  00001400    00000008     (.cinit..bss.load) [load image, compression = zero_init]
                  00001408    00000008     (.cinit..vtable.load) [load image, compression = zero_init]
                  00001410    00000007     (.cinit..data.load) [load image, compression = lzss]
                  00001417    00000001     --HOLE-- [fill = 0]
                  00001418    00000018     (__TI_cinit_table)

.init_array 
*          0    00000000    00000000     UNINITIALIZED

.vtable    0    20000000    0000026c     UNINITIALIZED
                  20000000    0000026c     driverlib.lib : interrupt.obj (.vtable)

.bss       0    20000470    0000001c     UNINITIALIZED
                  20000470    0000000c     (.common:pui32DataRx)
                  2000047c    0000000c     (.common:pui32DataTx)
                  20000488    00000004     (.common:ui32Index)

.data      0    2000048c    00000005     UNINITIALIZED
                  2000048c    00000005     main.obj (.data)

.stack     0    20000270    00000200     UNINITIALIZED
                  20000270    00000004     rtsv7M4_T_le_v4SPD16_eabi.lib : boot_cortex_m.c.obj (.stack)
                  20000274    000001fc     --HOLE--

MODULE SUMMARY

       Module                         code   ro data   rw data
       ------                         ----   -------   -------
    .\
       main.obj                       1856   46        33     
       tm4c123ge6pm_startup_ccs.obj   12     620       0      
    +--+------------------------------+------+---------+---------+
       Total:                         1868   666       33     
                                                              
    ../driverlib.lib
       interrupt.obj                  156    20        620    
       sysctl.obj                     638    108       0      
       gpio.obj                       562    144       0      
       ssi.obj                        228    64        0      
       uart.obj                       142    0         0      
    +--+------------------------------+------+---------+---------+
       Total:                         1726   336       620    
                                                              
    C:\ti\ccsv8\tools\compiler\ti-cgt-arm_18.1.8.LTS\lib\rtsv7M4_T_le_v4SPD16_eabi.lib
       memcpy_t2.asm.obj              156    0         0      
       copy_decompress_lzss.c.obj     104    0         0      
       autoinit.c.obj                 68     0         0      
       u_divt2.asm.obj                64     0         0      
       boot_cortex_m.c.obj            56     0         0      
       copy_zero_init.c.obj           28     0         0      
       copy_decompress_none.c.obj     14     0         0      
       exit.c.obj                     4      0         0      
       pre_init.c.obj                 4      0         0      
       div0.asm.obj                   2      0         0      
    +--+------------------------------+------+---------+---------+
       Total:                         500    0         0      
                                                              
       Stack:                         0      0         512    
       Linker Generated:              0      59        0      
    +--+------------------------------+------+---------+---------+
       Grand Total:                   4094   1061      1165   


LINKER GENERATED COPY TABLES

__TI_cinit_table @ 00001418 records: 3, size/record: 8, table size: 24
	.bss: load addr=00001400, load size=00000008 bytes, run addr=20000470, run size=0000001c bytes, compression=zero_init
	.vtable: load addr=00001408, load size=00000008 bytes, run addr=20000000, run size=0000026c bytes, compression=zero_init
	.data: load addr=00001410, load size=00000007 bytes, run addr=2000048c, run size=00000005 bytes, compression=lzss


LINKER GENERATED HANDLER TABLE

__TI_handler_table @ 000013f0 records: 3, size/record: 4, table size: 12
	index: 0, handler: __TI_zero_init
	index: 1, handler: __TI_decompress_lzss
	index: 2, handler: __TI_decompress_none


GLOBAL SYMBOLS: SORTED ALPHABETICALLY BY Name 

address   name                          
-------   ----                          
00001267  C$$EXIT                       
000010fd  GPIODirModeSet                
000009ad  GPIOPadConfigSet              
00000e91  GPIOPinConfigure              
0000124d  GPIOPinRead                   
0000117d  GPIOPinTypeGPIOInput          
00001193  GPIOPinTypeSSI                
000011a9  GPIOPinTypeUART               
00001253  GPIOPinWrite                  
00000769  InitConsole                   
00000dc1  IntEnable                     
00001095  IntRegister                   
000011ff  ResetISR                      
00000703  SSI0_MASTER_Interrupt         
0000123d  SSIBusy                       
00000fe9  SSIConfigSetExpClk            
000011f3  SSIDataGet                    
000011d3  SSIDataGetNonBlocking         
0000120b  SSIDataPut                    
00001215  SSIEnable                     
0000125f  SSIIntClear                   
00001245  SSIIntEnable                  
00001165  SSIIntRegister                
0000121f  SSIIntStatus                  
00000b19  SysCtlClockGet                
00000c31  SysCtlClockSet                
00001259  SysCtlDelay                   
000010c9  SysCtlPeripheralEnable        
00001025  SysCtlPeripheralPresent       
00001229  UARTCharGet                   
00001233  UARTCharPut                   
00000edd  UARTConfigSetExpClk           
00001129  UARTDisable                   
000011bf  UARTEnable                    
0000026d  UARTStdioConfig               
000003bd  UARTgetc                      
00000303  UARTgets                      
000006df  UARTprintf                    
000003e5  UARTvprintf                   
000002b3  UARTwrite                     
20000470  __STACK_END                   
00000200  __STACK_SIZE                  
20000470  __STACK_TOP                   
00001418  __TI_CINIT_Base               
00001430  __TI_CINIT_Limit              
000013f0  __TI_Handler_Table_Base       
000013fc  __TI_Handler_Table_Limit      
00000f25  __TI_auto_init_nobinit_nopinit
00000e29  __TI_decompress_lzss          
000011e5  __TI_decompress_none          
ffffffff  __TI_pprof_out_hndl           
ffffffff  __TI_prof_data_size           
ffffffff  __TI_prof_data_start          
00000000  __TI_static_base__            
00001149  __TI_zero_init_nomemset       
00000f23  __aeabi_idiv0                 
00000f23  __aeabi_ldiv0                 
00000d25  __aeabi_memcpy                
00000d25  __aeabi_memcpy4               
00000d25  __aeabi_memcpy8               
00000fa9  __aeabi_uidiv                 
00000fa9  __aeabi_uidivmod              
ffffffff  __binit__                     
ffffffff  __c_args__                    
UNDEFED   __mpu_init                    
20000270  __stack                       
0000105d  _c_int00_noargs               
UNDEFED   _system_post_cinit            
00001263  _system_pre_init              
00001267  abort                         
ffffffff  binit                         
20000000  g_pfnRAMVectors               
00000000  g_pfnVectors                  
000007a9  main                          
00000d25  memcpy                        
20000470  pui32DataRx                   
2000047c  pui32DataTx                   
20000488  ui32Index                     


GLOBAL SYMBOLS: SORTED BY Symbol Address 

address   name                          
-------   ----                          
00000000  __TI_static_base__            
00000000  g_pfnVectors                  
00000200  __STACK_SIZE                  
0000026d  UARTStdioConfig               
000002b3  UARTwrite                     
00000303  UARTgets                      
000003bd  UARTgetc                      
000003e5  UARTvprintf                   
000006df  UARTprintf                    
00000703  SSI0_MASTER_Interrupt         
00000769  InitConsole                   
000007a9  main                          
000009ad  GPIOPadConfigSet              
00000b19  SysCtlClockGet                
00000c31  SysCtlClockSet                
00000d25  __aeabi_memcpy                
00000d25  __aeabi_memcpy4               
00000d25  __aeabi_memcpy8               
00000d25  memcpy                        
00000dc1  IntEnable                     
00000e29  __TI_decompress_lzss          
00000e91  GPIOPinConfigure              
00000edd  UARTConfigSetExpClk           
00000f23  __aeabi_idiv0                 
00000f23  __aeabi_ldiv0                 
00000f25  __TI_auto_init_nobinit_nopinit
00000fa9  __aeabi_uidiv                 
00000fa9  __aeabi_uidivmod              
00000fe9  SSIConfigSetExpClk            
00001025  SysCtlPeripheralPresent       
0000105d  _c_int00_noargs               
00001095  IntRegister                   
000010c9  SysCtlPeripheralEnable        
000010fd  GPIODirModeSet                
00001129  UARTDisable                   
00001149  __TI_zero_init_nomemset       
00001165  SSIIntRegister                
0000117d  GPIOPinTypeGPIOInput          
00001193  GPIOPinTypeSSI                
000011a9  GPIOPinTypeUART               
000011bf  UARTEnable                    
000011d3  SSIDataGetNonBlocking         
000011e5  __TI_decompress_none          
000011f3  SSIDataGet                    
000011ff  ResetISR                      
0000120b  SSIDataPut                    
00001215  SSIEnable                     
0000121f  SSIIntStatus                  
00001229  UARTCharGet                   
00001233  UARTCharPut                   
0000123d  SSIBusy                       
00001245  SSIIntEnable                  
0000124d  GPIOPinRead                   
00001253  GPIOPinWrite                  
00001259  SysCtlDelay                   
0000125f  SSIIntClear                   
00001263  _system_pre_init              
00001267  C$$EXIT                       
00001267  abort                         
000013f0  __TI_Handler_Table_Base       
000013fc  __TI_Handler_Table_Limit      
00001418  __TI_CINIT_Base               
00001430  __TI_CINIT_Limit              
20000000  g_pfnRAMVectors               
20000270  __stack                       
20000470  __STACK_END                   
20000470  __STACK_TOP                   
20000470  pui32DataRx                   
2000047c  pui32DataTx                   
20000488  ui32Index                     
ffffffff  __TI_pprof_out_hndl           
ffffffff  __TI_prof_data_size           
ffffffff  __TI_prof_data_start          
ffffffff  __binit__                     
ffffffff  __c_args__                    
ffffffff  binit                         
UNDEFED   __mpu_init                    
UNDEFED   _system_post_cinit            

[78 symbols]
