******************************************************************************
                  TI ARM Linker PC v18.1.8                     
******************************************************************************
>> Linked Wed Jun 30 22:23:19 2021

OUTPUT FILE NAME:   <UART M2M.out>
ENTRY POINT SYMBOL: "_c_int00_noargs"  address: 00000dd9


MEMORY CONFIGURATION

         name            origin    length      used     unused   attr    fill
----------------------  --------  ---------  --------  --------  ----  --------
  FLASH                 00000000   00020000  0000104e  0001efb2  R  X
  SRAM                  20000000   00008000  00000211  00007def  RW X


SEGMENT ALLOCATION MAP

run origin  load origin   length   init length attrs members
----------  ----------- ---------- ----------- ----- -------
00000000    00000000    00001050   00001050    r-x
  00000000    00000000    0000026c   0000026c    r-- .intvecs
  0000026c    0000026c    00000c9e   00000c9e    r-x .text
  00000f0c    00000f0c    0000012c   0000012c    r-- .const
  00001038    00001038    00000018   00000018    r-- .cinit
20000000    20000000    00000211   00000000    rw-
  20000000    20000000    00000200   00000000    rw- .stack
  20000200    20000200    00000011   00000000    rw- .data


SECTION ALLOCATION MAP

 output                                  attributes/
section   page    origin      length       input sections
--------  ----  ----------  ----------   ----------------
.intvecs   0    00000000    0000026c     
                  00000000    0000026c     tm4c123ge6pm_startup_ccs.obj (.intvecs)

.text      0    0000026c    00000c9e     
                  0000026c    000005a0     main.obj (.text)
                  0000080c    0000016c     driverlib.lib : gpio.obj (.text:GPIOPadConfigSet)
                  00000978    00000118                   : sysctl.obj (.text:SysCtlClockGet)
                  00000a90    000000f4                   : sysctl.obj (.text:SysCtlClockSet)
                  00000b84    0000009c     rtsv7M4_T_le_v4SPD16_eabi.lib : memcpy_t2.asm.obj (.text)
                  00000c20    00000068                                   : copy_decompress_lzss.c.obj (.text:decompress:lzss:__TI_decompress_lzss)
                  00000c88    0000004c     driverlib.lib : gpio.obj (.text:GPIOPinConfigure)
                  00000cd4    00000046                   : uart.obj (.text:UARTConfigSetExpClk)
                  00000d1a    00000002     rtsv7M4_T_le_v4SPD16_eabi.lib : div0.asm.obj (.text)
                  00000d1c    00000044                                   : autoinit.c.obj (.text:__TI_auto_init_nobinit_nopinit:__TI_auto_init_nobinit_nopinit)
                  00000d60    00000040                                   : u_divt2.asm.obj (.text)
                  00000da0    00000038     driverlib.lib : sysctl.obj (.text:SysCtlPeripheralPresent)
                  00000dd8    00000038     rtsv7M4_T_le_v4SPD16_eabi.lib : boot_cortex_m.c.obj (.text:_c_int00_noargs:_c_int00_noargs)
                  00000e10    00000034     driverlib.lib : sysctl.obj (.text:SysCtlPeripheralEnable)
                  00000e44    0000002c                   : gpio.obj (.text:GPIODirModeSet)
                  00000e70    00000020                   : uart.obj (.text:UARTDisable)
                  00000e90    00000016                   : gpio.obj (.text:GPIOPinTypeUART)
                  00000ea6    00000014                   : uart.obj (.text:UARTEnable)
                  00000eba    0000000e                   : uart.obj (.text:UARTCharsAvail)
                  00000ec8    0000000e     rtsv7M4_T_le_v4SPD16_eabi.lib : copy_decompress_none.c.obj (.text:decompress:none:__TI_decompress_none)
                  00000ed6    0000000c     tm4c123ge6pm_startup_ccs.obj (.text)
                  00000ee2    0000000a     driverlib.lib : uart.obj (.text:UARTCharGet)
                  00000eec    0000000a                   : uart.obj (.text:UARTCharPut)
                  00000ef6    00000006                   : sysctl.obj (.text:SysCtlDelay)
                  00000efc    00000006                   : uart.obj (.text:UARTClockSourceSet)
                  00000f02    00000004     rtsv7M4_T_le_v4SPD16_eabi.lib : pre_init.c.obj (.text:_system_pre_init)
                  00000f06    00000004                                   : exit.c.obj (.text:abort:abort)

.const     0    00000f0c    0000012c     
                  00000f0c    00000090     driverlib.lib : gpio.obj (.const:g_pui32GPIOBaseAddrs)
                  00000f9c    0000006c                   : sysctl.obj (.const:g_pui32Xtals)
                  00001008    00000012     main.obj (.const:.string)
                  0000101a    00000002     --HOLE-- [fill = 0]
                  0000101c    0000000c     main.obj (.const:g_ui32UARTBase)
                  00001028    0000000c     main.obj (.const:g_ui32UARTPeriph)
                  00001034    00000004     main.obj (.const)

.cinit     0    00001038    00000018     
                  00001038    00000008     (__TI_handler_table)
                  00001040    00000007     (.cinit..data.load) [load image, compression = lzss]
                  00001047    00000001     --HOLE-- [fill = 0]
                  00001048    00000008     (__TI_cinit_table)

.init_array 
*          0    00000000    00000000     UNINITIALIZED

.data      0    20000200    00000011     UNINITIALIZED
                  20000200    00000011     main.obj (.data)

.stack     0    20000000    00000200     UNINITIALIZED
                  20000000    00000004     rtsv7M4_T_le_v4SPD16_eabi.lib : boot_cortex_m.c.obj (.stack)
                  20000004    000001fc     --HOLE--

MODULE SUMMARY

       Module                         code   ro data   rw data
       ------                         ----   -------   -------
    .\
       main.obj                       1440   46        17     
       tm4c123ge6pm_startup_ccs.obj   12     620       0      
    +--+------------------------------+------+---------+---------+
       Total:                         1452   666       17     
                                                              
    ../driverlib.lib
       sysctl.obj                     638    108       0      
       gpio.obj                       506    144       0      
       uart.obj                       162    0         0      
    +--+------------------------------+------+---------+---------+
       Total:                         1306   252       0      
                                                              
    C:\ti\ccsv8\tools\compiler\ti-cgt-arm_18.1.8.LTS\lib\rtsv7M4_T_le_v4SPD16_eabi.lib
       memcpy_t2.asm.obj              156    0         0      
       copy_decompress_lzss.c.obj     104    0         0      
       autoinit.c.obj                 68     0         0      
       u_divt2.asm.obj                64     0         0      
       boot_cortex_m.c.obj            56     0         0      
       copy_decompress_none.c.obj     14     0         0      
       exit.c.obj                     4      0         0      
       pre_init.c.obj                 4      0         0      
       div0.asm.obj                   2      0         0      
    +--+------------------------------+------+---------+---------+
       Total:                         472    0         0      
                                                              
       Stack:                         0      0         512    
       Linker Generated:              0      23        0      
    +--+------------------------------+------+---------+---------+
       Grand Total:                   3230   941       529    


LINKER GENERATED COPY TABLES

__TI_cinit_table @ 00001048 records: 1, size/record: 8, table size: 8
	.data: load addr=00001040, load size=00000007 bytes, run addr=20000200, run size=00000011 bytes, compression=lzss


LINKER GENERATED HANDLER TABLE

__TI_handler_table @ 00001038 records: 2, size/record: 4, table size: 8
	index: 0, handler: __TI_decompress_lzss
	index: 1, handler: __TI_decompress_none


GLOBAL SYMBOLS: SORTED ALPHABETICALLY BY Name 

address   name                          
-------   ----                          
00000f07  C$$EXIT                       
00000e45  GPIODirModeSet                
0000080d  GPIOPadConfigSet              
00000c89  GPIOPinConfigure              
00000e91  GPIOPinTypeUART               
00000ed7  ResetISR                      
00000979  SysCtlClockGet                
00000a91  SysCtlClockSet                
00000ef7  SysCtlDelay                   
00000e11  SysCtlPeripheralEnable        
00000da1  SysCtlPeripheralPresent       
00000ee3  UARTCharGet                   
00000eed  UARTCharPut                   
00000ebb  UARTCharsAvail                
00000efd  UARTClockSourceSet            
00000cd5  UARTConfigSetExpClk           
00000e71  UARTDisable                   
00000ea7  UARTEnable                    
0000026d  UARTStdioConfig               
000003bd  UARTgetc                      
00000303  UARTgets                      
000006df  UARTprintf                    
000003e5  UARTvprintf                   
000002b3  UARTwrite                     
20000200  __STACK_END                   
00000200  __STACK_SIZE                  
20000200  __STACK_TOP                   
00001048  __TI_CINIT_Base               
00001050  __TI_CINIT_Limit              
00001038  __TI_Handler_Table_Base       
00001040  __TI_Handler_Table_Limit      
00000d1d  __TI_auto_init_nobinit_nopinit
00000c21  __TI_decompress_lzss          
00000ec9  __TI_decompress_none          
ffffffff  __TI_pprof_out_hndl           
ffffffff  __TI_prof_data_size           
ffffffff  __TI_prof_data_start          
00000000  __TI_static_base__            
00000d1b  __aeabi_idiv0                 
00000d1b  __aeabi_ldiv0                 
00000b85  __aeabi_memcpy                
00000b85  __aeabi_memcpy4               
00000b85  __aeabi_memcpy8               
00000d61  __aeabi_uidiv                 
00000d61  __aeabi_uidivmod              
ffffffff  __binit__                     
ffffffff  __c_args__                    
UNDEFED   __mpu_init                    
20000000  __stack                       
00000dd9  _c_int00_noargs               
UNDEFED   _system_post_cinit            
00000f03  _system_pre_init              
20000204  a                             
00000f07  abort                         
2000020c  b                             
ffffffff  binit                         
00000000  g_pfnVectors                  
00000703  main                          
00000b85  memcpy                        
20000208  zero                          


GLOBAL SYMBOLS: SORTED BY Symbol Address 

address   name                          
-------   ----                          
00000000  __TI_static_base__            
00000000  g_pfnVectors                  
00000200  __STACK_SIZE                  
0000026d  UARTStdioConfig               
000002b3  UARTwrite                     
00000303  UARTgets                      
000003bd  UARTgetc                      
000003e5  UARTvprintf                   
000006df  UARTprintf                    
00000703  main                          
0000080d  GPIOPadConfigSet              
00000979  SysCtlClockGet                
00000a91  SysCtlClockSet                
00000b85  __aeabi_memcpy                
00000b85  __aeabi_memcpy4               
00000b85  __aeabi_memcpy8               
00000b85  memcpy                        
00000c21  __TI_decompress_lzss          
00000c89  GPIOPinConfigure              
00000cd5  UARTConfigSetExpClk           
00000d1b  __aeabi_idiv0                 
00000d1b  __aeabi_ldiv0                 
00000d1d  __TI_auto_init_nobinit_nopinit
00000d61  __aeabi_uidiv                 
00000d61  __aeabi_uidivmod              
00000da1  SysCtlPeripheralPresent       
00000dd9  _c_int00_noargs               
00000e11  SysCtlPeripheralEnable        
00000e45  GPIODirModeSet                
00000e71  UARTDisable                   
00000e91  GPIOPinTypeUART               
00000ea7  UARTEnable                    
00000ebb  UARTCharsAvail                
00000ec9  __TI_decompress_none          
00000ed7  ResetISR                      
00000ee3  UARTCharGet                   
00000eed  UARTCharPut                   
00000ef7  SysCtlDelay                   
00000efd  UARTClockSourceSet            
00000f03  _system_pre_init              
00000f07  C$$EXIT                       
00000f07  abort                         
00001038  __TI_Handler_Table_Base       
00001040  __TI_Handler_Table_Limit      
00001048  __TI_CINIT_Base               
00001050  __TI_CINIT_Limit              
20000000  __stack                       
20000200  __STACK_END                   
20000200  __STACK_TOP                   
20000204  a                             
20000208  zero                          
2000020c  b                             
ffffffff  __TI_pprof_out_hndl           
ffffffff  __TI_prof_data_size           
ffffffff  __TI_prof_data_start          
ffffffff  __binit__                     
ffffffff  __c_args__                    
ffffffff  binit                         
UNDEFED   __mpu_init                    
UNDEFED   _system_post_cinit            

[60 symbols]
