******************************************************************************
                  TI ARM Linker PC v18.1.8                     
******************************************************************************
>> Linked Wed Jun 30 22:18:15 2021

OUTPUT FILE NAME:   <Switch Polling.out>
ENTRY POINT SYMBOL: "_c_int00_noinit_noargs"  address: 0000045d


MEMORY CONFIGURATION

         name            origin    length      used     unused   attr    fill
----------------------  --------  ---------  --------  --------  ----  --------
  FLASH                 00000000   00020000  00000508  0001faf8  R  X
  SRAM                  20000000   00008000  00000200  00007e00  RW X


SEGMENT ALLOCATION MAP

run origin  load origin   length   init length attrs members
----------  ----------- ---------- ----------- ----- -------
00000000    00000000    00000508   00000508    r-x
  00000000    00000000    0000026c   0000026c    r-- .intvecs
  0000026c    0000026c    0000029c   0000029c    r-x .text
20000000    20000000    00000200   00000000    rw-
  20000000    20000000    00000200   00000000    rw- .stack


SECTION ALLOCATION MAP

 output                                  attributes/
section   page    origin      length       input sections
--------  ----  ----------  ----------   ----------------
.intvecs   0    00000000    0000026c     
                  00000000    0000026c     tm4c123ge6pm_startup_ccs.obj (.intvecs)

.text      0    0000026c    0000029c     
                  0000026c    0000016c     driverlib.lib : gpio.obj (.text:GPIOPadConfigSet)
                  000003d8    00000050     main.obj (.text)
                  00000428    00000034     driverlib.lib : sysctl.obj (.text:SysCtlPeripheralEnable)
                  0000045c    00000030     rtsv7M4_T_le_v4SPD16_eabi.lib : boot_cortex_m.c.obj (.text:_c_int00_noinit_noargs:_c_int00_noinit_noargs)
                  0000048c    0000002c     driverlib.lib : gpio.obj (.text:GPIODirModeSet)
                  000004b8    0000001a                   : gpio.obj (.text:GPIOPinTypeGPIOOutput)
                  000004d2    00000016                   : gpio.obj (.text:GPIOPinTypeGPIOInput)
                  000004e8    0000000c     tm4c123ge6pm_startup_ccs.obj (.text)
                  000004f4    00000006     driverlib.lib : gpio.obj (.text:GPIOPinRead)
                  000004fa    00000006                   : gpio.obj (.text:GPIOPinWrite)
                  00000500    00000004     rtsv7M4_T_le_v4SPD16_eabi.lib : pre_init.c.obj (.text:_system_pre_init)
                  00000504    00000004                                   : exit.c.obj (.text:abort:abort)

.cinit     0    00000000    00000000     UNINITIALIZED

.init_array 
*          0    00000000    00000000     UNINITIALIZED

.stack     0    20000000    00000200     UNINITIALIZED
                  20000000    00000004     rtsv7M4_T_le_v4SPD16_eabi.lib : boot_cortex_m.c.obj (.stack)
                  20000004    000001fc     --HOLE--

MODULE SUMMARY

       Module                         code   ro data   rw data
       ------                         ----   -------   -------
    .\
       tm4c123ge6pm_startup_ccs.obj   12     620       0      
       main.obj                       80     0         0      
    +--+------------------------------+------+---------+---------+
       Total:                         92     620       0      
                                                              
    ../driverlib.lib
       gpio.obj                       468    0         0      
       sysctl.obj                     52     0         0      
    +--+------------------------------+------+---------+---------+
       Total:                         520    0         0      
                                                              
    C:\ti\ccsv8\tools\compiler\ti-cgt-arm_18.1.8.LTS\lib\rtsv7M4_T_le_v4SPD16_eabi.lib
       boot_cortex_m.c.obj            48     0         0      
       exit.c.obj                     4      0         0      
       pre_init.c.obj                 4      0         0      
    +--+------------------------------+------+---------+---------+
       Total:                         56     0         0      
                                                              
       Stack:                         0      0         512    
    +--+------------------------------+------+---------+---------+
       Grand Total:                   668    620       512    


GLOBAL SYMBOLS: SORTED ALPHABETICALLY BY Name 

address   name                  
-------   ----                  
00000505  C$$EXIT               
0000048d  GPIODirModeSet        
0000026d  GPIOPadConfigSet      
000004f5  GPIOPinRead           
000004d3  GPIOPinTypeGPIOInput  
000004b9  GPIOPinTypeGPIOOutput 
000004fb  GPIOPinWrite          
000004e9  ResetISR              
00000429  SysCtlPeripheralEnable
20000200  __STACK_END           
00000200  __STACK_SIZE          
20000200  __STACK_TOP           
ffffffff  __TI_pprof_out_hndl   
ffffffff  __TI_prof_data_size   
ffffffff  __TI_prof_data_start  
00000000  __TI_static_base__    
ffffffff  __binit__             
ffffffff  __c_args__            
UNDEFED   __mpu_init            
20000000  __stack               
0000045d  _c_int00_noinit_noargs
00000501  _system_pre_init      
00000505  abort                 
ffffffff  binit                 
00000000  g_pfnVectors          
000003d9  main                  


GLOBAL SYMBOLS: SORTED BY Symbol Address 

address   name                  
-------   ----                  
00000000  __TI_static_base__    
00000000  g_pfnVectors          
00000200  __STACK_SIZE          
0000026d  GPIOPadConfigSet      
000003d9  main                  
00000429  SysCtlPeripheralEnable
0000045d  _c_int00_noinit_noargs
0000048d  GPIODirModeSet        
000004b9  GPIOPinTypeGPIOOutput 
000004d3  GPIOPinTypeGPIOInput  
000004e9  ResetISR              
000004f5  GPIOPinRead           
000004fb  GPIOPinWrite          
00000501  _system_pre_init      
00000505  C$$EXIT               
00000505  abort                 
20000000  __stack               
20000200  __STACK_END           
20000200  __STACK_TOP           
ffffffff  __TI_pprof_out_hndl   
ffffffff  __TI_prof_data_size   
ffffffff  __TI_prof_data_start  
ffffffff  __binit__             
ffffffff  __c_args__            
ffffffff  binit                 
UNDEFED   __mpu_init            

[26 symbols]
