******************************************************************************
                  TI ARM Linker PC v18.1.8                     
******************************************************************************
>> Linked Wed Jun 30 22:22:26 2021

OUTPUT FILE NAME:   <UART Bluetooth.out>
ENTRY POINT SYMBOL: "_c_int00_noargs"  address: 00000de9


MEMORY CONFIGURATION

         name            origin    length      used     unused   attr    fill
----------------------  --------  ---------  --------  --------  ----  --------
  FLASH                 00000000   00020000  000010b2  0001ef4e  R  X
  SRAM                  20000000   00008000  00000206  00007dfa  RW X


SEGMENT ALLOCATION MAP

run origin  load origin   length   init length attrs members
----------  ----------- ---------- ----------- ----- -------
00000000    00000000    000010b8   000010b8    r-x
  00000000    00000000    0000026c   0000026c    r-- .intvecs
  0000026c    0000026c    00000cea   00000cea    r-x .text
  00000f58    00000f58    0000012c   0000012c    r-- .const
  00001088    00001088    00000030   00000030    r-- .cinit
20000000    20000000    00000206   00000000    rw-
  20000000    20000000    00000200   00000000    rw- .stack
  20000200    20000200    00000005   00000000    rw- .data
  20000205    20000205    00000001   00000000    rw- .bss


SECTION ALLOCATION MAP

 output                                  attributes/
section   page    origin      length       input sections
--------  ----  ----------  ----------   ----------------
.intvecs   0    00000000    0000026c     
                  00000000    0000026c     tm4c123ge6pm_startup_ccs.obj (.intvecs)

.text      0    0000026c    00000cea     
                  0000026c    000005b0     main.obj (.text)
                  0000081c    0000016c     driverlib.lib : gpio.obj (.text:GPIOPadConfigSet)
                  00000988    00000118                   : sysctl.obj (.text:SysCtlClockGet)
                  00000aa0    000000f4                   : sysctl.obj (.text:SysCtlClockSet)
                  00000b94    0000009c     rtsv7M4_T_le_v4SPD16_eabi.lib : memcpy_t2.asm.obj (.text)
                  00000c30    00000068                                   : copy_decompress_lzss.c.obj (.text:decompress:lzss:__TI_decompress_lzss)
                  00000c98    0000004c     driverlib.lib : gpio.obj (.text:GPIOPinConfigure)
                  00000ce4    00000046                   : uart.obj (.text:UARTConfigSetExpClk)
                  00000d2a    00000002     rtsv7M4_T_le_v4SPD16_eabi.lib : div0.asm.obj (.text)
                  00000d2c    00000044                                   : autoinit.c.obj (.text:__TI_auto_init_nobinit_nopinit:__TI_auto_init_nobinit_nopinit)
                  00000d70    00000040                                   : u_divt2.asm.obj (.text)
                  00000db0    00000038     driverlib.lib : sysctl.obj (.text:SysCtlPeripheralPresent)
                  00000de8    00000038     rtsv7M4_T_le_v4SPD16_eabi.lib : boot_cortex_m.c.obj (.text:_c_int00_noargs:_c_int00_noargs)
                  00000e20    00000034     driverlib.lib : sysctl.obj (.text:SysCtlPeripheralEnable)
                  00000e54    0000002c                   : gpio.obj (.text:GPIODirModeSet)
                  00000e80    00000020                   : uart.obj (.text:UARTDisable)
                  00000ea0    0000001c     rtsv7M4_T_le_v4SPD16_eabi.lib : copy_zero_init.c.obj (.text:decompress:ZI:__TI_zero_init_nomemset:__TI_zero_init_nomemset)
                  00000ebc    0000001a     driverlib.lib : gpio.obj (.text:GPIOPinTypeGPIOOutput)
                  00000ed6    00000016                   : gpio.obj (.text:GPIOPinTypeUART)
                  00000eec    00000014                   : uart.obj (.text:UARTEnable)
                  00000f00    0000000e                   : uart.obj (.text:UARTCharsAvail)
                  00000f0e    0000000e     rtsv7M4_T_le_v4SPD16_eabi.lib : copy_decompress_none.c.obj (.text:decompress:none:__TI_decompress_none)
                  00000f1c    0000000c     tm4c123ge6pm_startup_ccs.obj (.text)
                  00000f28    0000000a     driverlib.lib : uart.obj (.text:UARTCharGet)
                  00000f32    0000000a                   : uart.obj (.text:UARTCharPut)
                  00000f3c    00000006                   : gpio.obj (.text:GPIOPinWrite)
                  00000f42    00000006                   : sysctl.obj (.text:SysCtlDelay)
                  00000f48    00000006                   : uart.obj (.text:UARTClockSourceSet)
                  00000f4e    00000004     rtsv7M4_T_le_v4SPD16_eabi.lib : pre_init.c.obj (.text:_system_pre_init)
                  00000f52    00000004                                   : exit.c.obj (.text:abort:abort)

.const     0    00000f58    0000012c     
                  00000f58    00000090     driverlib.lib : gpio.obj (.const:g_pui32GPIOBaseAddrs)
                  00000fe8    0000006c                   : sysctl.obj (.const:g_pui32Xtals)
                  00001054    00000012     main.obj (.const:.string)
                  00001066    00000002     --HOLE-- [fill = 0]
                  00001068    0000000c     main.obj (.const:g_ui32UARTBase)
                  00001074    0000000c     main.obj (.const:g_ui32UARTPeriph)
                  00001080    00000004     main.obj (.const)

.cinit     0    00001088    00000030     
                  00001088    0000000c     (__TI_handler_table)
                  00001094    00000004     --HOLE-- [fill = 0]
                  00001098    00000008     (.cinit..bss.load) [load image, compression = zero_init]
                  000010a0    00000007     (.cinit..data.load) [load image, compression = lzss]
                  000010a7    00000001     --HOLE-- [fill = 0]
                  000010a8    00000010     (__TI_cinit_table)

.init_array 
*          0    00000000    00000000     UNINITIALIZED

.data      0    20000200    00000005     UNINITIALIZED
                  20000200    00000005     main.obj (.data)

.bss       0    20000205    00000001     UNINITIALIZED
                  20000205    00000001     (.common:data)

.stack     0    20000000    00000200     UNINITIALIZED
                  20000000    00000004     rtsv7M4_T_le_v4SPD16_eabi.lib : boot_cortex_m.c.obj (.stack)
                  20000004    000001fc     --HOLE--

MODULE SUMMARY

       Module                         code   ro data   rw data
       ------                         ----   -------   -------
    .\
       main.obj                       1456   46        6      
       tm4c123ge6pm_startup_ccs.obj   12     620       0      
    +--+------------------------------+------+---------+---------+
       Total:                         1468   666       6      
                                                              
    ../driverlib.lib
       sysctl.obj                     638    108       0      
       gpio.obj                       538    144       0      
       uart.obj                       162    0         0      
    +--+------------------------------+------+---------+---------+
       Total:                         1338   252       0      
                                                              
    C:\ti\ccsv8\tools\compiler\ti-cgt-arm_18.1.8.LTS\lib\rtsv7M4_T_le_v4SPD16_eabi.lib
       memcpy_t2.asm.obj              156    0         0      
       copy_decompress_lzss.c.obj     104    0         0      
       autoinit.c.obj                 68     0         0      
       u_divt2.asm.obj                64     0         0      
       boot_cortex_m.c.obj            56     0         0      
       copy_zero_init.c.obj           28     0         0      
       copy_decompress_none.c.obj     14     0         0      
       exit.c.obj                     4      0         0      
       pre_init.c.obj                 4      0         0      
       div0.asm.obj                   2      0         0      
    +--+------------------------------+------+---------+---------+
       Total:                         500    0         0      
                                                              
       Stack:                         0      0         512    
       Linker Generated:              0      43        0      
    +--+------------------------------+------+---------+---------+
       Grand Total:                   3306   961       518    


LINKER GENERATED COPY TABLES

__TI_cinit_table @ 000010a8 records: 2, size/record: 8, table size: 16
	.bss: load addr=00001098, load size=00000008 bytes, run addr=20000205, run size=00000001 bytes, compression=zero_init
	.data: load addr=000010a0, load size=00000007 bytes, run addr=20000200, run size=00000005 bytes, compression=lzss


LINKER GENERATED HANDLER TABLE

__TI_handler_table @ 00001088 records: 3, size/record: 4, table size: 12
	index: 0, handler: __TI_decompress_lzss
	index: 1, handler: __TI_decompress_none
	index: 2, handler: __TI_zero_init


GLOBAL SYMBOLS: SORTED ALPHABETICALLY BY Name 

address   name                          
-------   ----                          
00000f53  C$$EXIT                       
00000e55  GPIODirModeSet                
0000081d  GPIOPadConfigSet              
00000c99  GPIOPinConfigure              
00000ebd  GPIOPinTypeGPIOOutput         
00000ed7  GPIOPinTypeUART               
00000f3d  GPIOPinWrite                  
00000f1d  ResetISR                      
00000989  SysCtlClockGet                
00000aa1  SysCtlClockSet                
00000f43  SysCtlDelay                   
00000e21  SysCtlPeripheralEnable        
00000db1  SysCtlPeripheralPresent       
00000f29  UARTCharGet                   
00000f33  UARTCharPut                   
00000f01  UARTCharsAvail                
00000f49  UARTClockSourceSet            
00000ce5  UARTConfigSetExpClk           
00000e81  UARTDisable                   
00000eed  UARTEnable                    
0000026d  UARTStdioConfig               
000003bd  UARTgetc                      
00000303  UARTgets                      
000006df  UARTprintf                    
000003e5  UARTvprintf                   
000002b3  UARTwrite                     
20000200  __STACK_END                   
00000200  __STACK_SIZE                  
20000200  __STACK_TOP                   
000010a8  __TI_CINIT_Base               
000010b8  __TI_CINIT_Limit              
00001088  __TI_Handler_Table_Base       
00001094  __TI_Handler_Table_Limit      
00000d2d  __TI_auto_init_nobinit_nopinit
00000c31  __TI_decompress_lzss          
00000f0f  __TI_decompress_none          
ffffffff  __TI_pprof_out_hndl           
ffffffff  __TI_prof_data_size           
ffffffff  __TI_prof_data_start          
00000000  __TI_static_base__            
00000ea1  __TI_zero_init_nomemset       
00000d2b  __aeabi_idiv0                 
00000d2b  __aeabi_ldiv0                 
00000b95  __aeabi_memcpy                
00000b95  __aeabi_memcpy4               
00000b95  __aeabi_memcpy8               
00000d71  __aeabi_uidiv                 
00000d71  __aeabi_uidivmod              
ffffffff  __binit__                     
ffffffff  __c_args__                    
UNDEFED   __mpu_init                    
20000000  __stack                       
00000de9  _c_int00_noargs               
UNDEFED   _system_post_cinit            
00000f4f  _system_pre_init              
00000f53  abort                         
ffffffff  binit                         
20000205  data                          
00000000  g_pfnVectors                  
00000703  main                          
00000b95  memcpy                        


GLOBAL SYMBOLS: SORTED BY Symbol Address 

address   name                          
-------   ----                          
00000000  __TI_static_base__            
00000000  g_pfnVectors                  
00000200  __STACK_SIZE                  
0000026d  UARTStdioConfig               
000002b3  UARTwrite                     
00000303  UARTgets                      
000003bd  UARTgetc                      
000003e5  UARTvprintf                   
000006df  UARTprintf                    
00000703  main                          
0000081d  GPIOPadConfigSet              
00000989  SysCtlClockGet                
00000aa1  SysCtlClockSet                
00000b95  __aeabi_memcpy                
00000b95  __aeabi_memcpy4               
00000b95  __aeabi_memcpy8               
00000b95  memcpy                        
00000c31  __TI_decompress_lzss          
00000c99  GPIOPinConfigure              
00000ce5  UARTConfigSetExpClk           
00000d2b  __aeabi_idiv0                 
00000d2b  __aeabi_ldiv0                 
00000d2d  __TI_auto_init_nobinit_nopinit
00000d71  __aeabi_uidiv                 
00000d71  __aeabi_uidivmod              
00000db1  SysCtlPeripheralPresent       
00000de9  _c_int00_noargs               
00000e21  SysCtlPeripheralEnable        
00000e55  GPIODirModeSet                
00000e81  UARTDisable                   
00000ea1  __TI_zero_init_nomemset       
00000ebd  GPIOPinTypeGPIOOutput         
00000ed7  GPIOPinTypeUART               
00000eed  UARTEnable                    
00000f01  UARTCharsAvail                
00000f0f  __TI_decompress_none          
00000f1d  ResetISR                      
00000f29  UARTCharGet                   
00000f33  UARTCharPut                   
00000f3d  GPIOPinWrite                  
00000f43  SysCtlDelay                   
00000f49  UARTClockSourceSet            
00000f4f  _system_pre_init              
00000f53  C$$EXIT                       
00000f53  abort                         
00001088  __TI_Handler_Table_Base       
00001094  __TI_Handler_Table_Limit      
000010a8  __TI_CINIT_Base               
000010b8  __TI_CINIT_Limit              
20000000  __stack                       
20000200  __STACK_END                   
20000200  __STACK_TOP                   
20000205  data                          
ffffffff  __TI_pprof_out_hndl           
ffffffff  __TI_prof_data_size           
ffffffff  __TI_prof_data_start          
ffffffff  __binit__                     
ffffffff  __c_args__                    
ffffffff  binit                         
UNDEFED   __mpu_init                    
UNDEFED   _system_post_cinit            

[61 symbols]
