******************************************************************************
                  TI ARM Linker PC v18.1.8                     
******************************************************************************
>> Linked Wed Jun 30 22:13:59 2021

OUTPUT FILE NAME:   <I2C_Slave.out>
ENTRY POINT SYMBOL: "_c_int00_noargs"  address: 00000e01


MEMORY CONFIGURATION

         name            origin    length      used     unused   attr    fill
----------------------  --------  ---------  --------  --------  ----  --------
  FLASH                 00000000   00020000  000011c6  0001ee3a  R  X
  SRAM                  20000000   00008000  00000475  00007b8b  RW X


SEGMENT ALLOCATION MAP

run origin  load origin   length   init length attrs members
----------  ----------- ---------- ----------- ----- -------
00000000    00000000    000011c8   000011c8    r-x
  00000000    00000000    0000026c   0000026c    r-- .intvecs
  0000026c    0000026c    00000dc6   00000dc6    r-x .text
  00001034    00001034    00000154   00000154    r-- .const
  00001188    00001188    00000040   00000040    r-- .cinit
20000000    20000000    00000475   00000000    rw-
  20000000    20000000    0000026c   00000000    rw- .vtable
  2000026c    2000026c    00000004   00000000    rw- .bss
  20000270    20000270    00000200   00000000    rw- .stack
  20000470    20000470    00000005   00000000    rw- .data


SECTION ALLOCATION MAP

 output                                  attributes/
section   page    origin      length       input sections
--------  ----  ----------  ----------   ----------------
.intvecs   0    00000000    0000026c     
                  00000000    0000026c     tm4c123ge6pm_startup_ccs.obj (.intvecs)

.text      0    0000026c    00000dc6     
                  0000026c    000005e8     main.obj (.text)
                  00000854    0000016c     driverlib.lib : gpio.obj (.text:GPIOPadConfigSet)
                  000009c0    000000f4                   : sysctl.obj (.text:SysCtlClockSet)
                  00000ab4    0000009c     rtsv7M4_T_le_v4SPD16_eabi.lib : memcpy_t2.asm.obj (.text)
                  00000b50    00000068     driverlib.lib : interrupt.obj (.text:IntEnable)
                  00000bb8    00000068     rtsv7M4_T_le_v4SPD16_eabi.lib : copy_decompress_lzss.c.obj (.text:decompress:lzss:__TI_decompress_lzss)
                  00000c20    00000050     driverlib.lib : sysctl.obj (.text:SysCtlPeripheralReset)
                  00000c70    0000004c                   : gpio.obj (.text:GPIOPinConfigure)
                  00000cbc    00000046                   : uart.obj (.text:UARTConfigSetExpClk)
                  00000d02    00000002     rtsv7M4_T_le_v4SPD16_eabi.lib : div0.asm.obj (.text)
                  00000d04    00000044                                   : autoinit.c.obj (.text:__TI_auto_init_nobinit_nopinit:__TI_auto_init_nobinit_nopinit)
                  00000d48    00000040     driverlib.lib : i2c.obj (.text:_I2CIntNumberGet)
                  00000d88    00000040     rtsv7M4_T_le_v4SPD16_eabi.lib : u_divt2.asm.obj (.text)
                  00000dc8    00000038     driverlib.lib : sysctl.obj (.text:SysCtlPeripheralPresent)
                  00000e00    00000038     rtsv7M4_T_le_v4SPD16_eabi.lib : boot_cortex_m.c.obj (.text:_c_int00_noargs:_c_int00_noargs)
                  00000e38    00000034     driverlib.lib : interrupt.obj (.text:IntRegister)
                  00000e6c    00000034                   : sysctl.obj (.text:SysCtlPeripheralEnable)
                  00000ea0    0000002c                   : gpio.obj (.text:GPIODirModeSet)
                  00000ecc    00000020                   : uart.obj (.text:UARTDisable)
                  00000eec    0000001c     rtsv7M4_T_le_v4SPD16_eabi.lib : copy_zero_init.c.obj (.text:decompress:ZI:__TI_zero_init_nomemset:__TI_zero_init_nomemset)
                  00000f08    0000001a     driverlib.lib : gpio.obj (.text:GPIOPinTypeGPIOOutput)
                  00000f22    00000018                   : i2c.obj (.text:I2CIntRegister)
                  00000f3a    00000016                   : gpio.obj (.text:GPIOPinTypeI2C)
                  00000f50    00000016                   : gpio.obj (.text:GPIOPinTypeI2CSCL)
                  00000f66    00000016                   : gpio.obj (.text:GPIOPinTypeUART)
                  00000f7c    00000014                   : uart.obj (.text:UARTEnable)
                  00000f90    00000010                   : i2c.obj (.text:I2CSlaveEnable)
                  00000fa0    00000010                   : interrupt.obj (.text:IntMasterEnable)
                  00000fb0    0000000e                   : i2c.obj (.text:I2CSlaveInit)
                  00000fbe    0000000e     rtsv7M4_T_le_v4SPD16_eabi.lib : copy_decompress_none.c.obj (.text:decompress:none:__TI_decompress_none)
                  00000fcc    0000000c     driverlib.lib : cpu.obj (.text:CPUcpsie)
                  00000fd8    0000000c                   : i2c.obj (.text:I2CSlaveIntEnableEx)
                  00000fe4    0000000c     tm4c123ge6pm_startup_ccs.obj (.text)
                  00000ff0    0000000a     driverlib.lib : uart.obj (.text:UARTCharGet)
                  00000ffa    0000000a                   : uart.obj (.text:UARTCharPut)
                  00001004    00000008                   : i2c.obj (.text:I2CSlaveIntClear)
                  0000100c    00000006                   : gpio.obj (.text:GPIOPinWrite)
                  00001012    00000006                   : i2c.obj (.text:I2CSlaveDataGet)
                  00001018    00000006                   : i2c.obj (.text:I2CSlaveStatus)
                  0000101e    00000006                   : sysctl.obj (.text:SysCtlDelay)
                  00001024    00000006                   : uart.obj (.text:UARTClockSourceSet)
                  0000102a    00000004     rtsv7M4_T_le_v4SPD16_eabi.lib : pre_init.c.obj (.text:_system_pre_init)
                  0000102e    00000004                                   : exit.c.obj (.text:abort:abort)

.const     0    00001034    00000154     
                  00001034    00000090     driverlib.lib : gpio.obj (.const:g_pui32GPIOBaseAddrs)
                  000010c4    00000050                   : i2c.obj (.const:g_ppui32I2CIntMapSnowflake)
                  00001114    00000030                   : i2c.obj (.const:g_ppui32I2CIntMap)
                  00001144    00000014                   : interrupt.obj (.const:g_pui32EnRegs)
                  00001158    00000012     main.obj (.const:.string)
                  0000116a    00000002     --HOLE-- [fill = 0]
                  0000116c    0000000c     main.obj (.const:g_ui32UARTBase)
                  00001178    0000000c     main.obj (.const:g_ui32UARTPeriph)
                  00001184    00000004     main.obj (.const)

.cinit     0    00001188    00000040     
                  00001188    0000000c     (__TI_handler_table)
                  00001194    00000004     --HOLE-- [fill = 0]
                  00001198    00000008     (.cinit..bss.load) [load image, compression = zero_init]
                  000011a0    00000008     (.cinit..vtable.load) [load image, compression = zero_init]
                  000011a8    00000007     (.cinit..data.load) [load image, compression = lzss]
                  000011af    00000001     --HOLE-- [fill = 0]
                  000011b0    00000018     (__TI_cinit_table)

.init_array 
*          0    00000000    00000000     UNINITIALIZED

.vtable    0    20000000    0000026c     UNINITIALIZED
                  20000000    0000026c     driverlib.lib : interrupt.obj (.vtable)

.bss       0    2000026c    00000004     UNINITIALIZED
                  2000026c    00000004     main.obj (.bss)

.data      0    20000470    00000005     UNINITIALIZED
                  20000470    00000005     main.obj (.data)

.stack     0    20000270    00000200     UNINITIALIZED
                  20000270    00000004     rtsv7M4_T_le_v4SPD16_eabi.lib : boot_cortex_m.c.obj (.stack)
                  20000274    000001fc     --HOLE--

MODULE SUMMARY

       Module                         code   ro data   rw data
       ------                         ----   -------   -------
    .\
       main.obj                       1512   46        9      
       tm4c123ge6pm_startup_ccs.obj   12     620       0      
    +--+------------------------------+------+---------+---------+
       Total:                         1524   666       9      
                                                              
    ../driverlib.lib
       interrupt.obj                  172    20        620    
       gpio.obj                       582    144       0      
       sysctl.obj                     438    0         0      
       i2c.obj                        150    128       0      
       uart.obj                       148    0         0      
       cpu.obj                        12     0         0      
    +--+------------------------------+------+---------+---------+
       Total:                         1502   292       620    
                                                              
    C:\ti\ccsv8\tools\compiler\ti-cgt-arm_18.1.8.LTS\lib\rtsv7M4_T_le_v4SPD16_eabi.lib
       memcpy_t2.asm.obj              156    0         0      
       copy_decompress_lzss.c.obj     104    0         0      
       autoinit.c.obj                 68     0         0      
       u_divt2.asm.obj                64     0         0      
       boot_cortex_m.c.obj            56     0         0      
       copy_zero_init.c.obj           28     0         0      
       copy_decompress_none.c.obj     14     0         0      
       exit.c.obj                     4      0         0      
       pre_init.c.obj                 4      0         0      
       div0.asm.obj                   2      0         0      
    +--+------------------------------+------+---------+---------+
       Total:                         500    0         0      
                                                              
       Stack:                         0      0         512    
       Linker Generated:              0      59        0      
    +--+------------------------------+------+---------+---------+
       Grand Total:                   3526   1017      1141   


LINKER GENERATED COPY TABLES

__TI_cinit_table @ 000011b0 records: 3, size/record: 8, table size: 24
	.bss: load addr=00001198, load size=00000008 bytes, run addr=2000026c, run size=00000004 bytes, compression=zero_init
	.vtable: load addr=000011a0, load size=00000008 bytes, run addr=20000000, run size=0000026c bytes, compression=zero_init
	.data: load addr=000011a8, load size=00000007 bytes, run addr=20000470, run size=00000005 bytes, compression=lzss


LINKER GENERATED HANDLER TABLE

__TI_handler_table @ 00001188 records: 3, size/record: 4, table size: 12
	index: 0, handler: __TI_zero_init
	index: 1, handler: __TI_decompress_lzss
	index: 2, handler: __TI_decompress_none


GLOBAL SYMBOLS: SORTED ALPHABETICALLY BY Name 

address   name                          
-------   ----                          
0000102f  C$$EXIT                       
00000fcd  CPUcpsie                      
00000ea1  GPIODirModeSet                
00000855  GPIOPadConfigSet              
00000c71  GPIOPinConfigure              
00000f09  GPIOPinTypeGPIOOutput         
00000f3b  GPIOPinTypeI2C                
00000f51  GPIOPinTypeI2CSCL             
00000f67  GPIOPinTypeUART               
0000100d  GPIOPinWrite                  
00000703  I2C0SlaveIntHandler           
00000759  I2C0_Init                     
00000f23  I2CIntRegister                
00001013  I2CSlaveDataGet               
00000f91  I2CSlaveEnable                
00000fb1  I2CSlaveInit                  
00001005  I2CSlaveIntClear              
00000fd9  I2CSlaveIntEnableEx           
00001019  I2CSlaveStatus                
0000071d  InitConsole                   
00000b51  IntEnable                     
00000fa1  IntMasterEnable               
00000e39  IntRegister                   
00000fe5  ResetISR                      
000009c1  SysCtlClockSet                
0000101f  SysCtlDelay                   
00000e6d  SysCtlPeripheralEnable        
00000dc9  SysCtlPeripheralPresent       
00000c21  SysCtlPeripheralReset         
00000ff1  UARTCharGet                   
00000ffb  UARTCharPut                   
00001025  UARTClockSourceSet            
00000cbd  UARTConfigSetExpClk           
00000ecd  UARTDisable                   
00000f7d  UARTEnable                    
0000026d  UARTStdioConfig               
000003bd  UARTgetc                      
00000303  UARTgets                      
000006df  UARTprintf                    
000003e5  UARTvprintf                   
000002b3  UARTwrite                     
20000470  __STACK_END                   
00000200  __STACK_SIZE                  
20000470  __STACK_TOP                   
000011b0  __TI_CINIT_Base               
000011c8  __TI_CINIT_Limit              
00001188  __TI_Handler_Table_Base       
00001194  __TI_Handler_Table_Limit      
00000d05  __TI_auto_init_nobinit_nopinit
00000bb9  __TI_decompress_lzss          
00000fbf  __TI_decompress_none          
ffffffff  __TI_pprof_out_hndl           
ffffffff  __TI_prof_data_size           
ffffffff  __TI_prof_data_start          
00000000  __TI_static_base__            
00000eed  __TI_zero_init_nomemset       
00000d03  __aeabi_idiv0                 
00000d03  __aeabi_ldiv0                 
00000ab5  __aeabi_memcpy                
00000ab5  __aeabi_memcpy4               
00000ab5  __aeabi_memcpy8               
00000d89  __aeabi_uidiv                 
00000d89  __aeabi_uidivmod              
ffffffff  __binit__                     
ffffffff  __c_args__                    
UNDEFED   __mpu_init                    
20000270  __stack                       
00000e01  _c_int00_noargs               
UNDEFED   _system_post_cinit            
0000102b  _system_pre_init              
0000102f  abort                         
ffffffff  binit                         
20000000  g_pfnRAMVectors               
00000000  g_pfnVectors                  
000007b7  main                          
00000ab5  memcpy                        


GLOBAL SYMBOLS: SORTED BY Symbol Address 

address   name                          
-------   ----                          
00000000  __TI_static_base__            
00000000  g_pfnVectors                  
00000200  __STACK_SIZE                  
0000026d  UARTStdioConfig               
000002b3  UARTwrite                     
00000303  UARTgets                      
000003bd  UARTgetc                      
000003e5  UARTvprintf                   
000006df  UARTprintf                    
00000703  I2C0SlaveIntHandler           
0000071d  InitConsole                   
00000759  I2C0_Init                     
000007b7  main                          
00000855  GPIOPadConfigSet              
000009c1  SysCtlClockSet                
00000ab5  __aeabi_memcpy                
00000ab5  __aeabi_memcpy4               
00000ab5  __aeabi_memcpy8               
00000ab5  memcpy                        
00000b51  IntEnable                     
00000bb9  __TI_decompress_lzss          
00000c21  SysCtlPeripheralReset         
00000c71  GPIOPinConfigure              
00000cbd  UARTConfigSetExpClk           
00000d03  __aeabi_idiv0                 
00000d03  __aeabi_ldiv0                 
00000d05  __TI_auto_init_nobinit_nopinit
00000d89  __aeabi_uidiv                 
00000d89  __aeabi_uidivmod              
00000dc9  SysCtlPeripheralPresent       
00000e01  _c_int00_noargs               
00000e39  IntRegister                   
00000e6d  SysCtlPeripheralEnable        
00000ea1  GPIODirModeSet                
00000ecd  UARTDisable                   
00000eed  __TI_zero_init_nomemset       
00000f09  GPIOPinTypeGPIOOutput         
00000f23  I2CIntRegister                
00000f3b  GPIOPinTypeI2C                
00000f51  GPIOPinTypeI2CSCL             
00000f67  GPIOPinTypeUART               
00000f7d  UARTEnable                    
00000f91  I2CSlaveEnable                
00000fa1  IntMasterEnable               
00000fb1  I2CSlaveInit                  
00000fbf  __TI_decompress_none          
00000fcd  CPUcpsie                      
00000fd9  I2CSlaveIntEnableEx           
00000fe5  ResetISR                      
00000ff1  UARTCharGet                   
00000ffb  UARTCharPut                   
00001005  I2CSlaveIntClear              
0000100d  GPIOPinWrite                  
00001013  I2CSlaveDataGet               
00001019  I2CSlaveStatus                
0000101f  SysCtlDelay                   
00001025  UARTClockSourceSet            
0000102b  _system_pre_init              
0000102f  C$$EXIT                       
0000102f  abort                         
00001188  __TI_Handler_Table_Base       
00001194  __TI_Handler_Table_Limit      
000011b0  __TI_CINIT_Base               
000011c8  __TI_CINIT_Limit              
20000000  g_pfnRAMVectors               
20000270  __stack                       
20000470  __STACK_END                   
20000470  __STACK_TOP                   
ffffffff  __TI_pprof_out_hndl           
ffffffff  __TI_prof_data_size           
ffffffff  __TI_prof_data_start          
ffffffff  __binit__                     
ffffffff  __c_args__                    
ffffffff  binit                         
UNDEFED   __mpu_init                    
UNDEFED   _system_post_cinit            

[76 symbols]
