******************************************************************************
                  TI ARM Linker PC v18.1.8                     
******************************************************************************
>> Linked Wed Jun 30 22:23:59 2021

OUTPUT FILE NAME:   <UART RFID Program.out>
ENTRY POINT SYMBOL: "_c_int00_noargs"  address: 00000e5d


MEMORY CONFIGURATION

         name            origin    length      used     unused   attr    fill
----------------------  --------  ---------  --------  --------  ----  --------
  FLASH                 00000000   00020000  00001118  0001eee8  R  X
  SRAM                  20000000   00008000  00000219  00007de7  RW X


SEGMENT ALLOCATION MAP

run origin  load origin   length   init length attrs members
----------  ----------- ---------- ----------- ----- -------
00000000    00000000    00001118   00001118    r-x
  00000000    00000000    0000026c   0000026c    r-- .intvecs
  0000026c    0000026c    00000d3c   00000d3c    r-x .text
  00000fa8    00000fa8    00000140   00000140    r-- .const
  000010e8    000010e8    00000030   00000030    r-- .cinit
20000000    20000000    00000219   00000000    rw-
  20000000    20000000    00000200   00000000    rw- .stack
  20000200    20000200    0000000d   00000000    rw- .data
  2000020d    2000020d    0000000c   00000000    rw- .bss


SECTION ALLOCATION MAP

 output                                  attributes/
section   page    origin      length       input sections
--------  ----  ----------  ----------   ----------------
.intvecs   0    00000000    0000026c     
                  00000000    0000026c     tm4c123ge6pm_startup_ccs.obj (.intvecs)

.text      0    0000026c    00000d3c     
                  0000026c    000005bc     main.obj (.text)
                  00000828    0000016c     driverlib.lib : gpio.obj (.text:GPIOPadConfigSet)
                  00000994    00000118                   : sysctl.obj (.text:SysCtlClockGet)
                  00000aac    000000f4                   : sysctl.obj (.text:SysCtlClockSet)
                  00000ba0    0000009c     rtsv7M4_T_le_v4SPD16_eabi.lib : memcpy_t2.asm.obj (.text)
                  00000c3c    00000068     driverlib.lib : interrupt.obj (.text:IntEnable)
                  00000ca4    00000068     rtsv7M4_T_le_v4SPD16_eabi.lib : copy_decompress_lzss.c.obj (.text:decompress:lzss:__TI_decompress_lzss)
                  00000d0c    0000004c     driverlib.lib : gpio.obj (.text:GPIOPinConfigure)
                  00000d58    00000046                   : uart.obj (.text:UARTConfigSetExpClk)
                  00000d9e    00000002     rtsv7M4_T_le_v4SPD16_eabi.lib : div0.asm.obj (.text)
                  00000da0    00000044                                   : autoinit.c.obj (.text:__TI_auto_init_nobinit_nopinit:__TI_auto_init_nobinit_nopinit)
                  00000de4    00000040                                   : u_divt2.asm.obj (.text)
                  00000e24    00000038     driverlib.lib : sysctl.obj (.text:SysCtlPeripheralPresent)
                  00000e5c    00000038     rtsv7M4_T_le_v4SPD16_eabi.lib : boot_cortex_m.c.obj (.text:_c_int00_noargs:_c_int00_noargs)
                  00000e94    00000034     driverlib.lib : sysctl.obj (.text:SysCtlPeripheralEnable)
                  00000ec8    0000002c                   : gpio.obj (.text:GPIODirModeSet)
                  00000ef4    00000020                   : uart.obj (.text:UARTDisable)
                  00000f14    0000001c     rtsv7M4_T_le_v4SPD16_eabi.lib : copy_zero_init.c.obj (.text:decompress:ZI:__TI_zero_init_nomemset:__TI_zero_init_nomemset)
                  00000f30    00000016     driverlib.lib : gpio.obj (.text:GPIOPinTypeUART)
                  00000f46    00000014                   : uart.obj (.text:UARTEnable)
                  00000f5a    0000000e     rtsv7M4_T_le_v4SPD16_eabi.lib : copy_decompress_none.c.obj (.text:decompress:none:__TI_decompress_none)
                  00000f68    0000000c     tm4c123ge6pm_startup_ccs.obj (.text)
                  00000f74    0000000a     driverlib.lib : uart.obj (.text:UARTCharGet)
                  00000f7e    0000000a                   : uart.obj (.text:UARTCharPut)
                  00000f88    00000008                   : uart.obj (.text:UARTIntEnable)
                  00000f90    00000006                   : sysctl.obj (.text:SysCtlDelay)
                  00000f96    00000006                   : uart.obj (.text:UARTClockSourceSet)
                  00000f9c    00000004                   : uart.obj (.text:UARTIntClear)
                  00000fa0    00000004     rtsv7M4_T_le_v4SPD16_eabi.lib : pre_init.c.obj (.text:_system_pre_init)
                  00000fa4    00000004                                   : exit.c.obj (.text:abort:abort)

.const     0    00000fa8    00000140     
                  00000fa8    00000090     driverlib.lib : gpio.obj (.const:g_pui32GPIOBaseAddrs)
                  00001038    0000006c                   : sysctl.obj (.const:g_pui32Xtals)
                  000010a4    00000014                   : interrupt.obj (.const:g_pui32EnRegs)
                  000010b8    00000012     main.obj (.const:.string)
                  000010ca    00000002     --HOLE-- [fill = 0]
                  000010cc    0000000c     main.obj (.const:g_ui32UARTBase)
                  000010d8    0000000c     main.obj (.const:g_ui32UARTPeriph)
                  000010e4    00000004     main.obj (.const)

.cinit     0    000010e8    00000030     
                  000010e8    0000000c     (__TI_handler_table)
                  000010f4    00000004     --HOLE-- [fill = 0]
                  000010f8    00000008     (.cinit..bss.load) [load image, compression = zero_init]
                  00001100    00000007     (.cinit..data.load) [load image, compression = lzss]
                  00001107    00000001     --HOLE-- [fill = 0]
                  00001108    00000010     (__TI_cinit_table)

.init_array 
*          0    00000000    00000000     UNINITIALIZED

.data      0    20000200    0000000d     UNINITIALIZED
                  20000200    0000000d     main.obj (.data)

.bss       0    2000020d    0000000c     UNINITIALIZED
                  2000020d    0000000c     (.common:comp)

.stack     0    20000000    00000200     UNINITIALIZED
                  20000000    00000004     rtsv7M4_T_le_v4SPD16_eabi.lib : boot_cortex_m.c.obj (.stack)
                  20000004    000001fc     --HOLE--

MODULE SUMMARY

       Module                         code   ro data   rw data
       ------                         ----   -------   -------
    .\
       main.obj                       1468   46        25     
       tm4c123ge6pm_startup_ccs.obj   12     620       0      
    +--+------------------------------+------+---------+---------+
       Total:                         1480   666       25     
                                                              
    ../driverlib.lib
       sysctl.obj                     638    108       0      
       gpio.obj                       506    144       0      
       uart.obj                       160    0         0      
       interrupt.obj                  104    20        0      
    +--+------------------------------+------+---------+---------+
       Total:                         1408   272       0      
                                                              
    C:\ti\ccsv8\tools\compiler\ti-cgt-arm_18.1.8.LTS\lib\rtsv7M4_T_le_v4SPD16_eabi.lib
       memcpy_t2.asm.obj              156    0         0      
       copy_decompress_lzss.c.obj     104    0         0      
       autoinit.c.obj                 68     0         0      
       u_divt2.asm.obj                64     0         0      
       boot_cortex_m.c.obj            56     0         0      
       copy_zero_init.c.obj           28     0         0      
       copy_decompress_none.c.obj     14     0         0      
       exit.c.obj                     4      0         0      
       pre_init.c.obj                 4      0         0      
       div0.asm.obj                   2      0         0      
    +--+------------------------------+------+---------+---------+
       Total:                         500    0         0      
                                                              
       Stack:                         0      0         512    
       Linker Generated:              0      43        0      
    +--+------------------------------+------+---------+---------+
       Grand Total:                   3388   981       537    


LINKER GENERATED COPY TABLES

__TI_cinit_table @ 00001108 records: 2, size/record: 8, table size: 16
	.bss: load addr=000010f8, load size=00000008 bytes, run addr=2000020d, run size=0000000c bytes, compression=zero_init
	.data: load addr=00001100, load size=00000007 bytes, run addr=20000200, run size=0000000d bytes, compression=lzss


LINKER GENERATED HANDLER TABLE

__TI_handler_table @ 000010e8 records: 3, size/record: 4, table size: 12
	index: 0, handler: __TI_decompress_lzss
	index: 1, handler: __TI_decompress_none
	index: 2, handler: __TI_zero_init


GLOBAL SYMBOLS: SORTED ALPHABETICALLY BY Name 

address   name                          
-------   ----                          
00000fa5  C$$EXIT                       
00000ec9  GPIODirModeSet                
00000829  GPIOPadConfigSet              
00000d0d  GPIOPinConfigure              
00000f31  GPIOPinTypeUART               
00000c3d  IntEnable                     
00000f69  ResetISR                      
00000995  SysCtlClockGet                
00000aad  SysCtlClockSet                
00000f91  SysCtlDelay                   
00000e95  SysCtlPeripheralEnable        
00000e25  SysCtlPeripheralPresent       
00000f75  UARTCharGet                   
00000f7f  UARTCharPut                   
00000f97  UARTClockSourceSet            
00000d59  UARTConfigSetExpClk           
00000ef5  UARTDisable                   
00000f47  UARTEnable                    
00000f9d  UARTIntClear                  
00000f89  UARTIntEnable                 
0000026d  UARTStdioConfig               
000003bd  UARTgetc                      
00000303  UARTgets                      
000006df  UARTprintf                    
000003e5  UARTvprintf                   
000002b3  UARTwrite                     
20000200  __STACK_END                   
00000200  __STACK_SIZE                  
20000200  __STACK_TOP                   
00001108  __TI_CINIT_Base               
00001118  __TI_CINIT_Limit              
000010e8  __TI_Handler_Table_Base       
000010f4  __TI_Handler_Table_Limit      
00000da1  __TI_auto_init_nobinit_nopinit
00000ca5  __TI_decompress_lzss          
00000f5b  __TI_decompress_none          
ffffffff  __TI_pprof_out_hndl           
ffffffff  __TI_prof_data_size           
ffffffff  __TI_prof_data_start          
00000000  __TI_static_base__            
00000f15  __TI_zero_init_nomemset       
00000d9f  __aeabi_idiv0                 
00000d9f  __aeabi_ldiv0                 
00000ba1  __aeabi_memcpy                
00000ba1  __aeabi_memcpy4               
00000ba1  __aeabi_memcpy8               
00000de5  __aeabi_uidiv                 
00000de5  __aeabi_uidivmod              
ffffffff  __binit__                     
ffffffff  __c_args__                    
UNDEFED   __mpu_init                    
20000000  __stack                       
00000e5d  _c_int00_noargs               
UNDEFED   _system_post_cinit            
00000fa1  _system_pre_init              
00000fa5  abort                         
ffffffff  binit                         
2000020d  comp                          
00000000  g_pfnVectors                  
20000208  i                             
20000204  m                             
00000733  main                          
00000ba1  memcpy                        
00000703  uartint                       


GLOBAL SYMBOLS: SORTED BY Symbol Address 

address   name                          
-------   ----                          
00000000  __TI_static_base__            
00000000  g_pfnVectors                  
00000200  __STACK_SIZE                  
0000026d  UARTStdioConfig               
000002b3  UARTwrite                     
00000303  UARTgets                      
000003bd  UARTgetc                      
000003e5  UARTvprintf                   
000006df  UARTprintf                    
00000703  uartint                       
00000733  main                          
00000829  GPIOPadConfigSet              
00000995  SysCtlClockGet                
00000aad  SysCtlClockSet                
00000ba1  __aeabi_memcpy                
00000ba1  __aeabi_memcpy4               
00000ba1  __aeabi_memcpy8               
00000ba1  memcpy                        
00000c3d  IntEnable                     
00000ca5  __TI_decompress_lzss          
00000d0d  GPIOPinConfigure              
00000d59  UARTConfigSetExpClk           
00000d9f  __aeabi_idiv0                 
00000d9f  __aeabi_ldiv0                 
00000da1  __TI_auto_init_nobinit_nopinit
00000de5  __aeabi_uidiv                 
00000de5  __aeabi_uidivmod              
00000e25  SysCtlPeripheralPresent       
00000e5d  _c_int00_noargs               
00000e95  SysCtlPeripheralEnable        
00000ec9  GPIODirModeSet                
00000ef5  UARTDisable                   
00000f15  __TI_zero_init_nomemset       
00000f31  GPIOPinTypeUART               
00000f47  UARTEnable                    
00000f5b  __TI_decompress_none          
00000f69  ResetISR                      
00000f75  UARTCharGet                   
00000f7f  UARTCharPut                   
00000f89  UARTIntEnable                 
00000f91  SysCtlDelay                   
00000f97  UARTClockSourceSet            
00000f9d  UARTIntClear                  
00000fa1  _system_pre_init              
00000fa5  C$$EXIT                       
00000fa5  abort                         
000010e8  __TI_Handler_Table_Base       
000010f4  __TI_Handler_Table_Limit      
00001108  __TI_CINIT_Base               
00001118  __TI_CINIT_Limit              
20000000  __stack                       
20000200  __STACK_END                   
20000200  __STACK_TOP                   
20000204  m                             
20000208  i                             
2000020d  comp                          
ffffffff  __TI_pprof_out_hndl           
ffffffff  __TI_prof_data_size           
ffffffff  __TI_prof_data_start          
ffffffff  __binit__                     
ffffffff  __c_args__                    
ffffffff  binit                         
UNDEFED   __mpu_init                    
UNDEFED   _system_post_cinit            

[64 symbols]
