******************************************************************************
                  TI ARM Linker PC v18.1.8                     
******************************************************************************
>> Linked Wed Jun 30 22:19:30 2021

OUTPUT FILE NAME:   <UART + BLE.out>
ENTRY POINT SYMBOL: "_c_int00_noargs"  address: 00000d5d


MEMORY CONFIGURATION

         name            origin    length      used     unused   attr    fill
----------------------  --------  ---------  --------  --------  ----  --------
  FLASH                 00000000   00020000  00000fd2  0001f02e  R  X
  SRAM                  20000000   00008000  00000205  00007dfb  RW X


SEGMENT ALLOCATION MAP

run origin  load origin   length   init length attrs members
----------  ----------- ---------- ----------- ----- -------
00000000    00000000    00000fd8   00000fd8    r-x
  00000000    00000000    0000026c   0000026c    r-- .intvecs
  0000026c    0000026c    00000c42   00000c42    r-x .text
  00000eb0    00000eb0    0000010c   0000010c    r-- .const
  00000fc0    00000fc0    00000018   00000018    r-- .cinit
20000000    20000000    00000205   00000000    rw-
  20000000    20000000    00000200   00000000    rw- .stack
  20000200    20000200    00000005   00000000    rw- .data


SECTION ALLOCATION MAP

 output                                  attributes/
section   page    origin      length       input sections
--------  ----  ----------  ----------   ----------------
.intvecs   0    00000000    0000026c     
                  00000000    0000026c     tm4c123ge6pm_startup_ccs.obj (.intvecs)

.text      0    0000026c    00000c42     
                  0000026c    0000063c     main.obj (.text)
                  000008a8    0000016c     driverlib.lib : gpio.obj (.text:GPIOPadConfigSet)
                  00000a14    000000f4                   : sysctl.obj (.text:SysCtlClockSet)
                  00000b08    0000009c     rtsv7M4_T_le_v4SPD16_eabi.lib : memcpy_t2.asm.obj (.text)
                  00000ba4    00000068                                   : copy_decompress_lzss.c.obj (.text:decompress:lzss:__TI_decompress_lzss)
                  00000c0c    0000004c     driverlib.lib : gpio.obj (.text:GPIOPinConfigure)
                  00000c58    00000046                   : uart.obj (.text:UARTConfigSetExpClk)
                  00000c9e    00000002     rtsv7M4_T_le_v4SPD16_eabi.lib : div0.asm.obj (.text)
                  00000ca0    00000044                                   : autoinit.c.obj (.text:__TI_auto_init_nobinit_nopinit:__TI_auto_init_nobinit_nopinit)
                  00000ce4    00000040                                   : u_divt2.asm.obj (.text)
                  00000d24    00000038     driverlib.lib : sysctl.obj (.text:SysCtlPeripheralPresent)
                  00000d5c    00000038     rtsv7M4_T_le_v4SPD16_eabi.lib : boot_cortex_m.c.obj (.text:_c_int00_noargs:_c_int00_noargs)
                  00000d94    00000034     driverlib.lib : sysctl.obj (.text:SysCtlPeripheralEnable)
                  00000dc8    0000002c                   : gpio.obj (.text:GPIODirModeSet)
                  00000df4    00000020                   : uart.obj (.text:UARTDisable)
                  00000e14    0000001a                   : gpio.obj (.text:GPIOPinTypeGPIOOutput)
                  00000e2e    00000016                   : gpio.obj (.text:GPIOPinTypeUART)
                  00000e44    00000014                   : uart.obj (.text:UARTEnable)
                  00000e58    0000000e                   : uart.obj (.text:UARTCharsAvail)
                  00000e66    0000000e     rtsv7M4_T_le_v4SPD16_eabi.lib : copy_decompress_none.c.obj (.text:decompress:none:__TI_decompress_none)
                  00000e74    0000000c     tm4c123ge6pm_startup_ccs.obj (.text)
                  00000e80    0000000a     driverlib.lib : uart.obj (.text:UARTCharGet)
                  00000e8a    0000000a                   : uart.obj (.text:UARTCharPut)
                  00000e94    00000006                   : gpio.obj (.text:GPIOPinWrite)
                  00000e9a    00000006                   : sysctl.obj (.text:SysCtlDelay)
                  00000ea0    00000006                   : uart.obj (.text:UARTClockSourceSet)
                  00000ea6    00000004     rtsv7M4_T_le_v4SPD16_eabi.lib : pre_init.c.obj (.text:_system_pre_init)
                  00000eaa    00000004                                   : exit.c.obj (.text:abort:abort)

.const     0    00000eb0    0000010c     
                  00000eb0    00000090     driverlib.lib : gpio.obj (.const:g_pui32GPIOBaseAddrs)
                  00000f40    00000015     main.obj (.const:.string:$P$T0$2)
                  00000f55    00000012     main.obj (.const:.string:$P$T2$4)
                  00000f67    00000012     main.obj (.const:.string:$P$T3$5)
                  00000f79    00000003     --HOLE-- [fill = 0]
                  00000f7c    00000012     main.obj (.const:.string)
                  00000f8e    00000011     main.obj (.const:.string:$P$T1$3)
                  00000f9f    00000001     --HOLE-- [fill = 0]
                  00000fa0    0000000c     main.obj (.const:g_ui32UARTBase)
                  00000fac    0000000c     main.obj (.const:g_ui32UARTPeriph)
                  00000fb8    00000004     main.obj (.const)

.cinit     0    00000fc0    00000018     
                  00000fc0    00000008     (__TI_handler_table)
                  00000fc8    00000007     (.cinit..data.load) [load image, compression = lzss]
                  00000fcf    00000001     --HOLE-- [fill = 0]
                  00000fd0    00000008     (__TI_cinit_table)

.init_array 
*          0    00000000    00000000     UNINITIALIZED

.data      0    20000200    00000005     UNINITIALIZED
                  20000200    00000005     main.obj (.data)

.stack     0    20000000    00000200     UNINITIALIZED
                  20000000    00000004     rtsv7M4_T_le_v4SPD16_eabi.lib : boot_cortex_m.c.obj (.stack)
                  20000004    000001fc     --HOLE--

MODULE SUMMARY

       Module                         code   ro data   rw data
       ------                         ----   -------   -------
    .\
       main.obj                       1596   120       5      
       tm4c123ge6pm_startup_ccs.obj   12     620       0      
    +--+------------------------------+------+---------+---------+
       Total:                         1608   740       5      
                                                              
    ../driverlib.lib
       gpio.obj                       538    144       0      
       sysctl.obj                     358    0         0      
       uart.obj                       162    0         0      
    +--+------------------------------+------+---------+---------+
       Total:                         1058   144       0      
                                                              
    C:\ti\ccsv8\tools\compiler\ti-cgt-arm_18.1.8.LTS\lib\rtsv7M4_T_le_v4SPD16_eabi.lib
       memcpy_t2.asm.obj              156    0         0      
       copy_decompress_lzss.c.obj     104    0         0      
       autoinit.c.obj                 68     0         0      
       u_divt2.asm.obj                64     0         0      
       boot_cortex_m.c.obj            56     0         0      
       copy_decompress_none.c.obj     14     0         0      
       exit.c.obj                     4      0         0      
       pre_init.c.obj                 4      0         0      
       div0.asm.obj                   2      0         0      
    +--+------------------------------+------+---------+---------+
       Total:                         472    0         0      
                                                              
       Stack:                         0      0         512    
       Linker Generated:              0      23        0      
    +--+------------------------------+------+---------+---------+
       Grand Total:                   3138   907       517    


LINKER GENERATED COPY TABLES

__TI_cinit_table @ 00000fd0 records: 1, size/record: 8, table size: 8
	.data: load addr=00000fc8, load size=00000007 bytes, run addr=20000200, run size=00000005 bytes, compression=lzss


LINKER GENERATED HANDLER TABLE

__TI_handler_table @ 00000fc0 records: 2, size/record: 4, table size: 8
	index: 0, handler: __TI_decompress_lzss
	index: 1, handler: __TI_decompress_none


GLOBAL SYMBOLS: SORTED ALPHABETICALLY BY Name 

address   name                          
-------   ----                          
00000eab  C$$EXIT                       
00000dc9  GPIODirModeSet                
000008a9  GPIOPadConfigSet              
00000c0d  GPIOPinConfigure              
00000e15  GPIOPinTypeGPIOOutput         
00000e2f  GPIOPinTypeUART               
00000e95  GPIOPinWrite                  
00000e75  ResetISR                      
00000a15  SysCtlClockSet                
00000e9b  SysCtlDelay                   
00000d95  SysCtlPeripheralEnable        
00000d25  SysCtlPeripheralPresent       
00000e81  UARTCharGet                   
00000e8b  UARTCharPut                   
00000e59  UARTCharsAvail                
00000ea1  UARTClockSourceSet            
00000c59  UARTConfigSetExpClk           
00000df5  UARTDisable                   
00000e45  UARTEnable                    
0000026d  UARTStdioConfig               
000003bd  UARTgetc                      
00000303  UARTgets                      
000006df  UARTprintf                    
000003e5  UARTvprintf                   
000002b3  UARTwrite                     
20000200  __STACK_END                   
00000200  __STACK_SIZE                  
20000200  __STACK_TOP                   
00000fd0  __TI_CINIT_Base               
00000fd8  __TI_CINIT_Limit              
00000fc0  __TI_Handler_Table_Base       
00000fc8  __TI_Handler_Table_Limit      
00000ca1  __TI_auto_init_nobinit_nopinit
00000ba5  __TI_decompress_lzss          
00000e67  __TI_decompress_none          
ffffffff  __TI_pprof_out_hndl           
ffffffff  __TI_prof_data_size           
ffffffff  __TI_prof_data_start          
00000000  __TI_static_base__            
00000c9f  __aeabi_idiv0                 
00000c9f  __aeabi_ldiv0                 
00000b09  __aeabi_memcpy                
00000b09  __aeabi_memcpy4               
00000b09  __aeabi_memcpy8               
00000ce5  __aeabi_uidiv                 
00000ce5  __aeabi_uidivmod              
ffffffff  __binit__                     
ffffffff  __c_args__                    
UNDEFED   __mpu_init                    
20000000  __stack                       
00000d5d  _c_int00_noargs               
UNDEFED   _system_post_cinit            
00000ea7  _system_pre_init              
00000eab  abort                         
ffffffff  binit                         
00000000  g_pfnVectors                  
00000707  main                          
00000b09  memcpy                        


GLOBAL SYMBOLS: SORTED BY Symbol Address 

address   name                          
-------   ----                          
00000000  __TI_static_base__            
00000000  g_pfnVectors                  
00000200  __STACK_SIZE                  
0000026d  UARTStdioConfig               
000002b3  UARTwrite                     
00000303  UARTgets                      
000003bd  UARTgetc                      
000003e5  UARTvprintf                   
000006df  UARTprintf                    
00000707  main                          
000008a9  GPIOPadConfigSet              
00000a15  SysCtlClockSet                
00000b09  __aeabi_memcpy                
00000b09  __aeabi_memcpy4               
00000b09  __aeabi_memcpy8               
00000b09  memcpy                        
00000ba5  __TI_decompress_lzss          
00000c0d  GPIOPinConfigure              
00000c59  UARTConfigSetExpClk           
00000c9f  __aeabi_idiv0                 
00000c9f  __aeabi_ldiv0                 
00000ca1  __TI_auto_init_nobinit_nopinit
00000ce5  __aeabi_uidiv                 
00000ce5  __aeabi_uidivmod              
00000d25  SysCtlPeripheralPresent       
00000d5d  _c_int00_noargs               
00000d95  SysCtlPeripheralEnable        
00000dc9  GPIODirModeSet                
00000df5  UARTDisable                   
00000e15  GPIOPinTypeGPIOOutput         
00000e2f  GPIOPinTypeUART               
00000e45  UARTEnable                    
00000e59  UARTCharsAvail                
00000e67  __TI_decompress_none          
00000e75  ResetISR                      
00000e81  UARTCharGet                   
00000e8b  UARTCharPut                   
00000e95  GPIOPinWrite                  
00000e9b  SysCtlDelay                   
00000ea1  UARTClockSourceSet            
00000ea7  _system_pre_init              
00000eab  C$$EXIT                       
00000eab  abort                         
00000fc0  __TI_Handler_Table_Base       
00000fc8  __TI_Handler_Table_Limit      
00000fd0  __TI_CINIT_Base               
00000fd8  __TI_CINIT_Limit              
20000000  __stack                       
20000200  __STACK_END                   
20000200  __STACK_TOP                   
ffffffff  __TI_pprof_out_hndl           
ffffffff  __TI_prof_data_size           
ffffffff  __TI_prof_data_start          
ffffffff  __binit__                     
ffffffff  __c_args__                    
ffffffff  binit                         
UNDEFED   __mpu_init                    
UNDEFED   _system_post_cinit            

[58 symbols]
