******************************************************************************
                  TI ARM Linker PC v18.1.8                     
******************************************************************************
>> Linked Wed Jun 30 22:15:14 2021

OUTPUT FILE NAME:   <PWM Generation.out>
ENTRY POINT SYMBOL: "_c_int00_noinit_noargs"  address: 00000679


MEMORY CONFIGURATION

         name            origin    length      used     unused   attr    fill
----------------------  --------  ---------  --------  --------  ----  --------
  FLASH                 00000000   00020000  00000832  0001f7ce  R  X
  SRAM                  20000000   00008000  00000200  00007e00  RW X


SEGMENT ALLOCATION MAP

run origin  load origin   length   init length attrs members
----------  ----------- ---------- ----------- ----- -------
00000000    00000000    00000834   00000834    r-x
  00000000    00000000    0000026c   0000026c    r-- .intvecs
  0000026c    0000026c    00000536   00000536    r-x .text
  000007a4    000007a4    00000090   00000090    r-- .const
20000000    20000000    00000200   00000000    rw-
  20000000    20000000    00000200   00000000    rw- .stack


SECTION ALLOCATION MAP

 output                                  attributes/
section   page    origin      length       input sections
--------  ----  ----------  ----------   ----------------
.intvecs   0    00000000    0000026c     
                  00000000    0000026c     tm4c123ge6pm_startup_ccs.obj (.intvecs)

.text      0    0000026c    00000536     
                  0000026c    0000016c     driverlib.lib : gpio.obj (.text:GPIOPadConfigSet)
                  000003d8    0000012c     main.obj (.text)
                  00000504    000000f4     driverlib.lib : sysctl.obj (.text:SysCtlClockSet)
                  000005f8    0000004c                   : gpio.obj (.text:GPIOPinConfigure)
                  00000644    00000034                   : sysctl.obj (.text:SysCtlPeripheralEnable)
                  00000678    00000030     rtsv7M4_T_le_v4SPD16_eabi.lib : boot_cortex_m.c.obj (.text:_c_int00_noinit_noargs:_c_int00_noinit_noargs)
                  000006a8    0000002c     driverlib.lib : gpio.obj (.text:GPIODirModeSet)
                  000006d4    00000022                   : pwm.obj (.text:PWMGenConfigure)
                  000006f6    0000001e                   : pwm.obj (.text:PWMPulseWidthSet)
                  00000714    00000016                   : gpio.obj (.text:GPIOPinTypeGPIOInput)
                  0000072a    00000016                   : gpio.obj (.text:GPIOPinTypePWM)
                  00000740    00000014                   : sysctl.obj (.text:SysCtlPWMClockSet)
                  00000754    00000012                   : pwm.obj (.text:PWMOutputState)
                  00000766    00000010                   : pwm.obj (.text:PWMGenPeriodSet)
                  00000776    0000000c                   : pwm.obj (.text:PWMGenEnable)
                  00000782    0000000c     tm4c123ge6pm_startup_ccs.obj (.text)
                  0000078e    00000006     driverlib.lib : gpio.obj (.text:GPIOPinWrite)
                  00000794    00000006                   : sysctl.obj (.text:SysCtlDelay)
                  0000079a    00000004     rtsv7M4_T_le_v4SPD16_eabi.lib : pre_init.c.obj (.text:_system_pre_init)
                  0000079e    00000004                                   : exit.c.obj (.text:abort:abort)

.const     0    000007a4    00000090     
                  000007a4    00000090     driverlib.lib : gpio.obj (.const:g_pui32GPIOBaseAddrs)

.cinit     0    00000000    00000000     UNINITIALIZED

.init_array 
*          0    00000000    00000000     UNINITIALIZED

.stack     0    20000000    00000200     UNINITIALIZED
                  20000000    00000004     rtsv7M4_T_le_v4SPD16_eabi.lib : boot_cortex_m.c.obj (.stack)
                  20000004    000001fc     --HOLE--

MODULE SUMMARY

       Module                         code   ro data   rw data
       ------                         ----   -------   -------
    .\
       tm4c123ge6pm_startup_ccs.obj   12     620       0      
       main.obj                       300    0         0      
    +--+------------------------------+------+---------+---------+
       Total:                         312    620       0      
                                                              
    ../driverlib.lib
       gpio.obj                       534    144       0      
       sysctl.obj                     322    0         0      
       pwm.obj                        110    0         0      
    +--+------------------------------+------+---------+---------+
       Total:                         966    144       0      
                                                              
    C:\ti\ccsv8\tools\compiler\ti-cgt-arm_18.1.8.LTS\lib\rtsv7M4_T_le_v4SPD16_eabi.lib
       boot_cortex_m.c.obj            48     0         0      
       exit.c.obj                     4      0         0      
       pre_init.c.obj                 4      0         0      
    +--+------------------------------+------+---------+---------+
       Total:                         56     0         0      
                                                              
       Stack:                         0      0         512    
    +--+------------------------------+------+---------+---------+
       Grand Total:                   1334   764       512    


GLOBAL SYMBOLS: SORTED ALPHABETICALLY BY Name 

address   name                  
-------   ----                  
0000079f  C$$EXIT               
000006a9  GPIODirModeSet        
0000026d  GPIOPadConfigSet      
000005f9  GPIOPinConfigure      
00000715  GPIOPinTypeGPIOInput  
0000072b  GPIOPinTypePWM        
0000078f  GPIOPinWrite          
000006d5  PWMGenConfigure       
00000777  PWMGenEnable          
00000767  PWMGenPeriodSet       
00000755  PWMOutputState        
000006f7  PWMPulseWidthSet      
00000783  ResetISR              
00000505  SysCtlClockSet        
00000795  SysCtlDelay           
00000741  SysCtlPWMClockSet     
00000645  SysCtlPeripheralEnable
20000200  __STACK_END           
00000200  __STACK_SIZE          
20000200  __STACK_TOP           
ffffffff  __TI_pprof_out_hndl   
ffffffff  __TI_prof_data_size   
ffffffff  __TI_prof_data_start  
00000000  __TI_static_base__    
ffffffff  __binit__             
ffffffff  __c_args__            
UNDEFED   __mpu_init            
20000000  __stack               
00000679  _c_int00_noinit_noargs
0000079b  _system_pre_init      
0000079f  abort                 
ffffffff  binit                 
00000000  g_pfnVectors          
000003d9  main                  


GLOBAL SYMBOLS: SORTED BY Symbol Address 

address   name                  
-------   ----                  
00000000  __TI_static_base__    
00000000  g_pfnVectors          
00000200  __STACK_SIZE          
0000026d  GPIOPadConfigSet      
000003d9  main                  
00000505  SysCtlClockSet        
000005f9  GPIOPinConfigure      
00000645  SysCtlPeripheralEnable
00000679  _c_int00_noinit_noargs
000006a9  GPIODirModeSet        
000006d5  PWMGenConfigure       
000006f7  PWMPulseWidthSet      
00000715  GPIOPinTypeGPIOInput  
0000072b  GPIOPinTypePWM        
00000741  SysCtlPWMClockSet     
00000755  PWMOutputState        
00000767  PWMGenPeriodSet       
00000777  PWMGenEnable          
00000783  ResetISR              
0000078f  GPIOPinWrite          
00000795  SysCtlDelay           
0000079b  _system_pre_init      
0000079f  C$$EXIT               
0000079f  abort                 
20000000  __stack               
20000200  __STACK_END           
20000200  __STACK_TOP           
ffffffff  __TI_pprof_out_hndl   
ffffffff  __TI_prof_data_size   
ffffffff  __TI_prof_data_start  
ffffffff  __binit__             
ffffffff  __c_args__            
ffffffff  binit                 
UNDEFED   __mpu_init            

[34 symbols]
