******************************************************************************
                  TI ARM Linker PC v18.1.8                     
******************************************************************************
>> Linked Wed Jun 30 22:14:36 2021

OUTPUT FILE NAME:   <Online hibernation Module.out>
ENTRY POINT SYMBOL: "_c_int00_noinit_noargs"  address: 000006f1


MEMORY CONFIGURATION

         name            origin    length      used     unused   attr    fill
----------------------  --------  ---------  --------  --------  ----  --------
  FLASH                 00000000   00020000  00000894  0001f76c  R  X
  SRAM                  20000000   00008000  00000200  00007e00  RW X


SEGMENT ALLOCATION MAP

run origin  load origin   length   init length attrs members
----------  ----------- ---------- ----------- ----- -------
00000000    00000000    00000894   00000894    r-x
  00000000    00000000    0000026c   0000026c    r-- .intvecs
  0000026c    0000026c    000005bc   000005bc    r-x .text
  00000828    00000828    0000006c   0000006c    r-- .const
20000000    20000000    00000200   00000000    rw-
  20000000    20000000    00000200   00000000    rw- .stack


SECTION ALLOCATION MAP

 output                                  attributes/
section   page    origin      length       input sections
--------  ----  ----------  ----------   ----------------
.intvecs   0    00000000    0000026c     
                  00000000    0000026c     tm4c123ge6pm_startup_ccs.obj (.intvecs)

.text      0    0000026c    000005bc     
                  0000026c    0000016c     driverlib.lib : gpio.obj (.text:GPIOPadConfigSet)
                  000003d8    00000118                   : sysctl.obj (.text:SysCtlClockGet)
                  000004f0    000000f4                   : sysctl.obj (.text:SysCtlClockSet)
                  000005e4    00000074     main.obj (.text)
                  00000658    00000064     driverlib.lib : hibernate.obj (.text:HibernateWakeSet)
                  000006bc    00000034                   : sysctl.obj (.text:SysCtlPeripheralEnable)
                  000006f0    00000030     rtsv7M4_T_le_v4SPD16_eabi.lib : boot_cortex_m.c.obj (.text:_c_int00_noinit_noargs:_c_int00_noinit_noargs)
                  00000720    0000002c     driverlib.lib : gpio.obj (.text:GPIODirModeSet)
                  0000074c    0000002c                   : hibernate.obj (.text:HibernateRTCSet)
                  00000778    0000001a                   : gpio.obj (.text:GPIOPinTypeGPIOOutput)
                  00000792    00000002     --HOLE-- [fill = 0]
                  00000794    00000018                   : hibernate.obj (.text:HibernateGPIORetentionEnable)
                  000007ac    00000014                   : hibernate.obj (.text:HibernateEnableExpClk)
                  000007c0    00000014                   : hibernate.obj (.text:HibernateRTCEnable)
                  000007d4    00000014                   : hibernate.obj (.text:HibernateRequest)
                  000007e8    00000010                   : hibernate.obj (.text:HibernateRTCMatchSet)
                  000007f8    00000010                   : hibernate.obj (.text:_HibernateWriteComplete)
                  00000808    0000000c     tm4c123ge6pm_startup_ccs.obj (.text)
                  00000814    00000006     driverlib.lib : gpio.obj (.text:GPIOPinWrite)
                  0000081a    00000006                   : sysctl.obj (.text:SysCtlDelay)
                  00000820    00000004     rtsv7M4_T_le_v4SPD16_eabi.lib : pre_init.c.obj (.text:_system_pre_init)
                  00000824    00000004                                   : exit.c.obj (.text:abort:abort)

.const     0    00000828    0000006c     
                  00000828    0000006c     driverlib.lib : sysctl.obj (.const:g_pui32Xtals)

.cinit     0    00000000    00000000     UNINITIALIZED

.init_array 
*          0    00000000    00000000     UNINITIALIZED

.stack     0    20000000    00000200     UNINITIALIZED
                  20000000    00000004     rtsv7M4_T_le_v4SPD16_eabi.lib : boot_cortex_m.c.obj (.stack)
                  20000004    000001fc     --HOLE--

MODULE SUMMARY

       Module                         code   ro data   rw data
       ------                         ----   -------   -------
    .\
       tm4c123ge6pm_startup_ccs.obj   12     620       0      
       main.obj                       116    0         0      
    +--+------------------------------+------+---------+---------+
       Total:                         128    620       0      
                                                              
    ../driverlib.lib
       sysctl.obj                     582    108       0      
       gpio.obj                       440    0         0      
       hibernate.obj                  260    0         0      
    +--+------------------------------+------+---------+---------+
       Total:                         1282   108       0      
                                                              
    C:\ti\ccsv8\tools\compiler\ti-cgt-arm_18.1.8.LTS\lib\rtsv7M4_T_le_v4SPD16_eabi.lib
       boot_cortex_m.c.obj            48     0         0      
       exit.c.obj                     4      0         0      
       pre_init.c.obj                 4      0         0      
    +--+------------------------------+------+---------+---------+
       Total:                         56     0         0      
                                                              
       Stack:                         0      0         512    
    +--+------------------------------+------+---------+---------+
       Grand Total:                   1466   728       512    


GLOBAL SYMBOLS: SORTED ALPHABETICALLY BY Name 

address   name                        
-------   ----                        
00000825  C$$EXIT                     
00000721  GPIODirModeSet              
0000026d  GPIOPadConfigSet            
00000779  GPIOPinTypeGPIOOutput       
00000815  GPIOPinWrite                
000007ad  HibernateEnableExpClk       
00000795  HibernateGPIORetentionEnable
000007c1  HibernateRTCEnable          
000007e9  HibernateRTCMatchSet        
0000074d  HibernateRTCSet             
000007d5  HibernateRequest            
00000659  HibernateWakeSet            
00000809  ResetISR                    
000003d9  SysCtlClockGet              
000004f1  SysCtlClockSet              
0000081b  SysCtlDelay                 
000006bd  SysCtlPeripheralEnable      
20000200  __STACK_END                 
00000200  __STACK_SIZE                
20000200  __STACK_TOP                 
ffffffff  __TI_pprof_out_hndl         
ffffffff  __TI_prof_data_size         
ffffffff  __TI_prof_data_start        
00000000  __TI_static_base__          
ffffffff  __binit__                   
ffffffff  __c_args__                  
UNDEFED   __mpu_init                  
20000000  __stack                     
000006f1  _c_int00_noinit_noargs      
00000821  _system_pre_init            
00000825  abort                       
ffffffff  binit                       
00000000  g_pfnVectors                
000005e5  main                        


GLOBAL SYMBOLS: SORTED BY Symbol Address 

address   name                        
-------   ----                        
00000000  __TI_static_base__          
00000000  g_pfnVectors                
00000200  __STACK_SIZE                
0000026d  GPIOPadConfigSet            
000003d9  SysCtlClockGet              
000004f1  SysCtlClockSet              
000005e5  main                        
00000659  HibernateWakeSet            
000006bd  SysCtlPeripheralEnable      
000006f1  _c_int00_noinit_noargs      
00000721  GPIODirModeSet              
0000074d  HibernateRTCSet             
00000779  GPIOPinTypeGPIOOutput       
00000795  HibernateGPIORetentionEnable
000007ad  HibernateEnableExpClk       
000007c1  HibernateRTCEnable          
000007d5  HibernateRequest            
000007e9  HibernateRTCMatchSet        
00000809  ResetISR                    
00000815  GPIOPinWrite                
0000081b  SysCtlDelay                 
00000821  _system_pre_init            
00000825  C$$EXIT                     
00000825  abort                       
20000000  __stack                     
20000200  __STACK_END                 
20000200  __STACK_TOP                 
ffffffff  __TI_pprof_out_hndl         
ffffffff  __TI_prof_data_size         
ffffffff  __TI_prof_data_start        
ffffffff  __binit__                   
ffffffff  __c_args__                  
ffffffff  binit                       
UNDEFED   __mpu_init                  

[34 symbols]
